Archive member included to satisfy reference by file (symbol)

/home/pokitoz/altera/15.1/nios2eds/bin/gnu/H-x86_64-pc-linux-gnu/bin/../lib/gcc/nios2-elf/4.9.2/libgcc.a(lib2-divmod.o)
                              obj/default/msgDMA.o (__udivsi3)
/home/pokitoz/altera/15.1/nios2eds/bin/gnu/H-x86_64-pc-linux-gnu/bin/../lib/gcc/nios2-elf/4.9.2/../../../../../H-x86_64-pc-linux-gnu/nios2-elf/lib/libsmallc.a(lib_a-memcpy.o)
                              obj/default/VGA_DMA_display.o (memcpy)
/home/pokitoz/Dropbox/DE0_SoC_VGA/sw/nios/application/VGA_Display_Gen1_bsp//libhal_bsp.a(alt_iic.o)
                              obj/default/VGA_DMA_display.o (alt_ic_isr_register)
/home/pokitoz/Dropbox/DE0_SoC_VGA/sw/nios/application/VGA_Display_Gen1_bsp//libhal_bsp.a(alt_iic_isr_register.o)
                              /home/pokitoz/Dropbox/DE0_SoC_VGA/sw/nios/application/VGA_Display_Gen1_bsp//libhal_bsp.a(alt_iic.o) (alt_iic_isr_register)
/home/pokitoz/Dropbox/DE0_SoC_VGA/sw/nios/application/VGA_Display_Gen1_bsp//libhal_bsp.a(alt_irq_entry.o)
                              /home/pokitoz/Dropbox/DE0_SoC_VGA/sw/nios/application/VGA_Display_Gen1_bsp//libhal_bsp.a(alt_iic_isr_register.o) (alt_irq_entry)
/home/pokitoz/Dropbox/DE0_SoC_VGA/sw/nios/application/VGA_Display_Gen1_bsp//libhal_bsp.a(alt_irq_handler.o)
                              /home/pokitoz/Dropbox/DE0_SoC_VGA/sw/nios/application/VGA_Display_Gen1_bsp//libhal_bsp.a(alt_iic_isr_register.o) (alt_irq_handler)
/home/pokitoz/Dropbox/DE0_SoC_VGA/sw/nios/application/VGA_Display_Gen1_bsp//libhal_bsp.a(alt_irq_vars.o)
                              /home/pokitoz/Dropbox/DE0_SoC_VGA/sw/nios/application/VGA_Display_Gen1_bsp//libhal_bsp.a(alt_iic.o) (alt_irq_active)
/home/pokitoz/Dropbox/DE0_SoC_VGA/sw/nios/application/VGA_Display_Gen1_bsp//libhal_bsp.a(alt_load.o)
                              /home/pokitoz/Dropbox/DE0_SoC_VGA/sw/nios/application/VGA_Display_Gen1_bsp//obj/HAL/src/crt0.o (alt_load)
/home/pokitoz/Dropbox/DE0_SoC_VGA/sw/nios/application/VGA_Display_Gen1_bsp//libhal_bsp.a(alt_main.o)
                              /home/pokitoz/Dropbox/DE0_SoC_VGA/sw/nios/application/VGA_Display_Gen1_bsp//obj/HAL/src/crt0.o (alt_main)
/home/pokitoz/Dropbox/DE0_SoC_VGA/sw/nios/application/VGA_Display_Gen1_bsp//libhal_bsp.a(alt_printf.o)
                              obj/default/VGA_DMA_display.o (alt_printf)
/home/pokitoz/Dropbox/DE0_SoC_VGA/sw/nios/application/VGA_Display_Gen1_bsp//libhal_bsp.a(alt_putchar.o)
                              /home/pokitoz/Dropbox/DE0_SoC_VGA/sw/nios/application/VGA_Display_Gen1_bsp//libhal_bsp.a(alt_printf.o) (alt_putchar)
/home/pokitoz/Dropbox/DE0_SoC_VGA/sw/nios/application/VGA_Display_Gen1_bsp//libhal_bsp.a(alt_putstr.o)
                              obj/default/VGA_DMA_display.o (alt_putstr)
/home/pokitoz/Dropbox/DE0_SoC_VGA/sw/nios/application/VGA_Display_Gen1_bsp//libhal_bsp.a(alt_sys_init.o)
                              /home/pokitoz/Dropbox/DE0_SoC_VGA/sw/nios/application/VGA_Display_Gen1_bsp//libhal_bsp.a(alt_main.o) (alt_irq_init)
/home/pokitoz/Dropbox/DE0_SoC_VGA/sw/nios/application/VGA_Display_Gen1_bsp//libhal_bsp.a(altera_avalon_jtag_uart_write.o)
                              /home/pokitoz/Dropbox/DE0_SoC_VGA/sw/nios/application/VGA_Display_Gen1_bsp//libhal_bsp.a(alt_putchar.o) (altera_avalon_jtag_uart_write)
/home/pokitoz/Dropbox/DE0_SoC_VGA/sw/nios/application/VGA_Display_Gen1_bsp//libhal_bsp.a(altera_msgdma.o)
                              obj/default/VGA_DMA_display.o (alt_msgdma_construct_standard_mm_to_st_descriptor)
/home/pokitoz/Dropbox/DE0_SoC_VGA/sw/nios/application/VGA_Display_Gen1_bsp//libhal_bsp.a(alt_busy_sleep.o)
                              /home/pokitoz/Dropbox/DE0_SoC_VGA/sw/nios/application/VGA_Display_Gen1_bsp//libhal_bsp.a(altera_msgdma.o) (alt_busy_sleep)
/home/pokitoz/Dropbox/DE0_SoC_VGA/sw/nios/application/VGA_Display_Gen1_bsp//libhal_bsp.a(alt_dcache_flush_all.o)
                              /home/pokitoz/Dropbox/DE0_SoC_VGA/sw/nios/application/VGA_Display_Gen1_bsp//libhal_bsp.a(alt_load.o) (alt_dcache_flush_all)
/home/pokitoz/Dropbox/DE0_SoC_VGA/sw/nios/application/VGA_Display_Gen1_bsp//libhal_bsp.a(alt_dev_llist_insert.o)
                              /home/pokitoz/Dropbox/DE0_SoC_VGA/sw/nios/application/VGA_Display_Gen1_bsp//libhal_bsp.a(altera_msgdma.o) (alt_dev_llist_insert)
/home/pokitoz/Dropbox/DE0_SoC_VGA/sw/nios/application/VGA_Display_Gen1_bsp//libhal_bsp.a(alt_errno.o)
                              /home/pokitoz/Dropbox/DE0_SoC_VGA/sw/nios/application/VGA_Display_Gen1_bsp//libhal_bsp.a(altera_msgdma.o) (alt_errno)
/home/pokitoz/Dropbox/DE0_SoC_VGA/sw/nios/application/VGA_Display_Gen1_bsp//libhal_bsp.a(alt_exception_entry.o)
                              /home/pokitoz/Dropbox/DE0_SoC_VGA/sw/nios/application/VGA_Display_Gen1_bsp//libhal_bsp.a(alt_irq_entry.o) (alt_exception)
/home/pokitoz/Dropbox/DE0_SoC_VGA/sw/nios/application/VGA_Display_Gen1_bsp//libhal_bsp.a(alt_find_dev.o)
                              /home/pokitoz/Dropbox/DE0_SoC_VGA/sw/nios/application/VGA_Display_Gen1_bsp//libhal_bsp.a(altera_msgdma.o) (alt_find_dev)
/home/pokitoz/Dropbox/DE0_SoC_VGA/sw/nios/application/VGA_Display_Gen1_bsp//libhal_bsp.a(alt_icache_flush_all.o)
                              /home/pokitoz/Dropbox/DE0_SoC_VGA/sw/nios/application/VGA_Display_Gen1_bsp//libhal_bsp.a(alt_load.o) (alt_icache_flush_all)
/home/pokitoz/Dropbox/DE0_SoC_VGA/sw/nios/application/VGA_Display_Gen1_bsp//libhal_bsp.a(altera_nios2_qsys_irq.o)
                              /home/pokitoz/Dropbox/DE0_SoC_VGA/sw/nios/application/VGA_Display_Gen1_bsp//libhal_bsp.a(alt_sys_init.o) (altera_nios2_qsys_irq_init)
/home/pokitoz/Dropbox/DE0_SoC_VGA/sw/nios/application/VGA_Display_Gen1_bsp//libhal_bsp.a(alt_icache_flush.o)
                              /home/pokitoz/Dropbox/DE0_SoC_VGA/sw/nios/application/VGA_Display_Gen1_bsp//libhal_bsp.a(alt_icache_flush_all.o) (alt_icache_flush)
/home/pokitoz/altera/15.1/nios2eds/bin/gnu/H-x86_64-pc-linux-gnu/bin/../lib/gcc/nios2-elf/4.9.2/../../../../../H-x86_64-pc-linux-gnu/nios2-elf/lib/libsmallc.a(lib_a-int_errno.o)
                              /home/pokitoz/Dropbox/DE0_SoC_VGA/sw/nios/application/VGA_Display_Gen1_bsp//libhal_bsp.a(altera_msgdma.o) (errno)
/home/pokitoz/altera/15.1/nios2eds/bin/gnu/H-x86_64-pc-linux-gnu/bin/../lib/gcc/nios2-elf/4.9.2/../../../../../H-x86_64-pc-linux-gnu/nios2-elf/lib/libsmallc.a(lib_a-memcmp.o)
                              /home/pokitoz/Dropbox/DE0_SoC_VGA/sw/nios/application/VGA_Display_Gen1_bsp//libhal_bsp.a(alt_find_dev.o) (memcmp)
/home/pokitoz/altera/15.1/nios2eds/bin/gnu/H-x86_64-pc-linux-gnu/bin/../lib/gcc/nios2-elf/4.9.2/../../../../../H-x86_64-pc-linux-gnu/nios2-elf/lib/libsmallc.a(lib_a-strlen.o)
                              /home/pokitoz/Dropbox/DE0_SoC_VGA/sw/nios/application/VGA_Display_Gen1_bsp//libhal_bsp.a(alt_putstr.o) (strlen)

Allocating common symbols
Common symbol       size              file

alt_irq             0x100             /home/pokitoz/Dropbox/DE0_SoC_VGA/sw/nios/application/VGA_Display_Gen1_bsp//libhal_bsp.a(alt_irq_handler.o)
descriptor_number   0x4               obj/default/VGA_DMA_display.o
errno               0x4               /home/pokitoz/altera/15.1/nios2eds/bin/gnu/H-x86_64-pc-linux-gnu/bin/../lib/gcc/nios2-elf/4.9.2/../../../../../H-x86_64-pc-linux-gnu/nios2-elf/lib/libsmallc.a(lib_a-int_errno.o)
msgdma_dev          0x60              obj/default/VGA_DMA_display.o
msgdma_desc         0x10              obj/default/VGA_DMA_display.o

Memory Configuration

Name             Origin             Length             Attributes
reset            0x0000000010100000 0x0000000000000020
onchip_memory2_0 0x0000000010100020 0x0000000000003fe0
*default*        0x0000000000000000 0xffffffffffffffff

Linker script and memory map

LOAD /home/pokitoz/Dropbox/DE0_SoC_VGA/sw/nios/application/VGA_Display_Gen1_bsp//obj/HAL/src/crt0.o
LOAD obj/default/VGA_DMA_display.o
LOAD obj/default/VGA_Display.o
LOAD obj/default/msgDMA.o
LOAD /home/pokitoz/altera/15.1/nios2eds/bin/gnu/H-x86_64-pc-linux-gnu/bin/../lib/gcc/nios2-elf/4.9.2/../../../../../H-x86_64-pc-linux-gnu/nios2-elf/lib/libstdc++.a
LOAD /home/pokitoz/altera/15.1/nios2eds/bin/gnu/H-x86_64-pc-linux-gnu/bin/../lib/gcc/nios2-elf/4.9.2/../../../../../H-x86_64-pc-linux-gnu/nios2-elf/lib/libm.a
LOAD /home/pokitoz/altera/15.1/nios2eds/bin/gnu/H-x86_64-pc-linux-gnu/bin/../lib/gcc/nios2-elf/4.9.2/libgcc.a
START GROUP
LOAD /home/pokitoz/altera/15.1/nios2eds/bin/gnu/H-x86_64-pc-linux-gnu/bin/../lib/gcc/nios2-elf/4.9.2/../../../../../H-x86_64-pc-linux-gnu/nios2-elf/lib/libsmallc.a
LOAD /home/pokitoz/altera/15.1/nios2eds/bin/gnu/H-x86_64-pc-linux-gnu/bin/../lib/gcc/nios2-elf/4.9.2/libgcc.a
LOAD /home/pokitoz/Dropbox/DE0_SoC_VGA/sw/nios/application/VGA_Display_Gen1_bsp//libhal_bsp.a
LOAD /home/pokitoz/altera/15.1/nios2eds/bin/gnu/H-x86_64-pc-linux-gnu/bin/../lib/gcc/nios2-elf/4.9.2/../../../../../H-x86_64-pc-linux-gnu/nios2-elf/lib/libm.a
END GROUP
LOAD /home/pokitoz/altera/15.1/nios2eds/bin/gnu/H-x86_64-pc-linux-gnu/bin/../lib/gcc/nios2-elf/4.9.2/libgcc.a
                0x0000000010100000                __alt_mem_onchip_memory2_0 = 0x10100000

.entry          0x0000000010100000       0x20
 *(.entry)
 .entry         0x0000000010100000       0x20 /home/pokitoz/Dropbox/DE0_SoC_VGA/sw/nios/application/VGA_Display_Gen1_bsp//obj/HAL/src/crt0.o
                0x0000000010100000                __reset
                0x000000001010001c                _exit

.exceptions     0x0000000010100020      0x130
                0x0000000010100020                PROVIDE (__ram_exceptions_start, ABSOLUTE (.))
                0x0000000010100020                . = ALIGN (0x20)
 *(.irq)
 *(.exceptions.entry.label)
 .exceptions.entry.label
                0x0000000010100020        0x0 /home/pokitoz/Dropbox/DE0_SoC_VGA/sw/nios/application/VGA_Display_Gen1_bsp//libhal_bsp.a(alt_irq_entry.o)
                0x0000000010100020                alt_irq_entry
 .exceptions.entry.label
                0x0000000010100020        0x0 /home/pokitoz/Dropbox/DE0_SoC_VGA/sw/nios/application/VGA_Display_Gen1_bsp//libhal_bsp.a(alt_exception_entry.o)
                0x0000000010100020                alt_exception
 *(.exceptions.entry.user)
 *(.exceptions.entry.ecc_fatal)
 *(.exceptions.entry)
 .exceptions.entry
                0x0000000010100020       0x54 /home/pokitoz/Dropbox/DE0_SoC_VGA/sw/nios/application/VGA_Display_Gen1_bsp//libhal_bsp.a(alt_exception_entry.o)
 *(.exceptions.irqtest.user)
 *(.exceptions.irqtest)
 .exceptions.irqtest
                0x0000000010100074       0x10 /home/pokitoz/Dropbox/DE0_SoC_VGA/sw/nios/application/VGA_Display_Gen1_bsp//libhal_bsp.a(alt_irq_entry.o)
 *(.exceptions.irqhandler.user)
 *(.exceptions.irqhandler)
 .exceptions.irqhandler
                0x0000000010100084        0x4 /home/pokitoz/Dropbox/DE0_SoC_VGA/sw/nios/application/VGA_Display_Gen1_bsp//libhal_bsp.a(alt_irq_entry.o)
 *(.exceptions.irqreturn.user)
 *(.exceptions.irqreturn)
 .exceptions.irqreturn
                0x0000000010100088        0x4 /home/pokitoz/Dropbox/DE0_SoC_VGA/sw/nios/application/VGA_Display_Gen1_bsp//libhal_bsp.a(alt_irq_entry.o)
 *(.exceptions.notirq.label)
 .exceptions.notirq.label
                0x000000001010008c        0x0 /home/pokitoz/Dropbox/DE0_SoC_VGA/sw/nios/application/VGA_Display_Gen1_bsp//libhal_bsp.a(alt_irq_entry.o)
 *(.exceptions.notirq.user)
 *(.exceptions.notirq)
 .exceptions.notirq
                0x000000001010008c        0x8 /home/pokitoz/Dropbox/DE0_SoC_VGA/sw/nios/application/VGA_Display_Gen1_bsp//libhal_bsp.a(alt_exception_entry.o)
 *(.exceptions.soft.user)
 *(.exceptions.soft)
 *(.exceptions.unknown.user)
 *(.exceptions.unknown)
 .exceptions.unknown
                0x0000000010100094        0x4 /home/pokitoz/Dropbox/DE0_SoC_VGA/sw/nios/application/VGA_Display_Gen1_bsp//libhal_bsp.a(alt_exception_entry.o)
 *(.exceptions.exit.label)
 .exceptions.exit.label
                0x0000000010100098        0x0 /home/pokitoz/Dropbox/DE0_SoC_VGA/sw/nios/application/VGA_Display_Gen1_bsp//libhal_bsp.a(alt_irq_entry.o)
 .exceptions.exit.label
                0x0000000010100098        0x0 /home/pokitoz/Dropbox/DE0_SoC_VGA/sw/nios/application/VGA_Display_Gen1_bsp//libhal_bsp.a(alt_exception_entry.o)
 *(.exceptions.exit.user)
 *(.exceptions.exit)
 .exceptions.exit
                0x0000000010100098       0x54 /home/pokitoz/Dropbox/DE0_SoC_VGA/sw/nios/application/VGA_Display_Gen1_bsp//libhal_bsp.a(alt_exception_entry.o)
 *(.exceptions)
 .exceptions    0x00000000101000ec       0x64 /home/pokitoz/Dropbox/DE0_SoC_VGA/sw/nios/application/VGA_Display_Gen1_bsp//libhal_bsp.a(alt_irq_handler.o)
                0x00000000101000ec                alt_irq_handler
                0x0000000010100150                PROVIDE (__ram_exceptions_end, ABSOLUTE (.))
                0x0000000010100020                PROVIDE (__flash_exceptions_start, LOADADDR (.exceptions))

.text           0x0000000010100150     0x1bf8
                0x0000000010100150                PROVIDE (stext, ABSOLUTE (.))
 *(.interp)
 *(.hash)
 *(.dynsym)
 *(.dynstr)
 *(.gnu.version)
 *(.gnu.version_d)
 *(.gnu.version_r)
 *(.rel.init)
 *(.rela.init)
 *(.rel.text .rel.text.* .rel.gnu.linkonce.t.*)
 *(.rela.text .rela.text.* .rela.gnu.linkonce.t.*)
 *(.rel.fini)
 *(.rela.fini)
 *(.rel.rodata .rel.rodata.* .rel.gnu.linkonce.r.*)
 *(.rela.rodata .rela.rodata.* .rela.gnu.linkonce.r.*)
 *(.rel.data .rel.data.* .rel.gnu.linkonce.d.*)
 *(.rela.data .rela.data.* .rela.gnu.linkonce.d.*)
 *(.rel.tdata .rel.tdata.* .rel.gnu.linkonce.td.*)
 *(.rela.tdata .rela.tdata.* .rela.gnu.linkonce.td.*)
 *(.rel.tbss .rel.tbss.* .rel.gnu.linkonce.tb.*)
 *(.rela.tbss .rela.tbss.* .rela.gnu.linkonce.tb.*)
 *(.rel.ctors)
 *(.rela.ctors)
 *(.rel.dtors)
 *(.rela.dtors)
 *(.rel.got)
 *(.rela.got)
 *(.rel.sdata .rel.sdata.* .rel.gnu.linkonce.s.*)
 *(.rela.sdata .rela.sdata.* .rela.gnu.linkonce.s.*)
 *(.rel.sbss .rel.sbss.* .rel.gnu.linkonce.sb.*)
 *(.rela.sbss .rela.sbss.* .rela.gnu.linkonce.sb.*)
 *(.rel.sdata2 .rel.sdata2.* .rel.gnu.linkonce.s2.*)
 *(.rela.sdata2 .rela.sdata2.* .rela.gnu.linkonce.s2.*)
 *(.rel.sbss2 .rel.sbss2.* .rel.gnu.linkonce.sb2.*)
 *(.rela.sbss2 .rela.sbss2.* .rela.gnu.linkonce.sb2.*)
 *(.rel.bss .rel.bss.* .rel.gnu.linkonce.b.*)
 *(.rela.bss .rela.bss.* .rela.gnu.linkonce.b.*)
 *(.rel.plt)
 *(.rela.plt)
 *(.rel.dyn)
 *(.init)
 *(.plt)
 *(.text .stub .text.* .gnu.linkonce.t.*)
 .text          0x0000000010100150       0x4c /home/pokitoz/Dropbox/DE0_SoC_VGA/sw/nios/application/VGA_Display_Gen1_bsp//obj/HAL/src/crt0.o
                0x0000000010100150                _start
 .text          0x000000001010019c       0x84 obj/default/VGA_DMA_display.o
                0x000000001010019c                irq_vsync
 .text.startup  0x0000000010100220      0x100 obj/default/VGA_DMA_display.o
                0x0000000010100220                main
 .text          0x0000000010100320       0x70 obj/default/VGA_Display.o
                0x0000000010100320                VGA_Display_changeVerticalPorch
                0x0000000010100334                VGA_Display_changeHorizontalPorch
                0x0000000010100348                VGA_Display_changeScreenColor
                0x0000000010100350                VGA_Display_set_irq
 .text          0x0000000010100390      0x388 obj/default/msgDMA.o
                0x0000000010100390                msgdma_transfer
                0x0000000010100484                msgdma_create_mm_to_mm_descriptor_list
                0x00000000101005e4                msgdma_create_mm_to_st_descriptor_list
 .text          0x0000000010100718      0x12c /home/pokitoz/altera/15.1/nios2eds/bin/gnu/H-x86_64-pc-linux-gnu/bin/../lib/gcc/nios2-elf/4.9.2/libgcc.a(lib2-divmod.o)
                0x0000000010100784                __divsi3
                0x00000000101007d8                __modsi3
                0x0000000010100834                __udivsi3
                0x000000001010083c                __umodsi3
 .text          0x0000000010100844        0x0 /home/pokitoz/altera/15.1/nios2eds/bin/gnu/H-x86_64-pc-linux-gnu/bin/../lib/gcc/nios2-elf/4.9.2/../../../../../H-x86_64-pc-linux-gnu/nios2-elf/lib/libsmallc.a(lib_a-memcpy.o)
 .text.memcpy   0x0000000010100844       0x28 /home/pokitoz/altera/15.1/nios2eds/bin/gnu/H-x86_64-pc-linux-gnu/bin/../lib/gcc/nios2-elf/4.9.2/../../../../../H-x86_64-pc-linux-gnu/nios2-elf/lib/libsmallc.a(lib_a-memcpy.o)
                0x0000000010100844                memcpy
 .text          0x000000001010086c       0x9c /home/pokitoz/Dropbox/DE0_SoC_VGA/sw/nios/application/VGA_Display_Gen1_bsp//libhal_bsp.a(alt_iic.o)
                0x000000001010086c                alt_ic_isr_register
                0x0000000010100870                alt_ic_irq_enable
                0x00000000101008b0                alt_ic_irq_disable
                0x00000000101008f0                alt_ic_irq_enabled
 .text          0x0000000010100908       0x68 /home/pokitoz/Dropbox/DE0_SoC_VGA/sw/nios/application/VGA_Display_Gen1_bsp//libhal_bsp.a(alt_iic_isr_register.o)
                0x0000000010100908                alt_iic_isr_register
 .text          0x0000000010100970        0x0 /home/pokitoz/Dropbox/DE0_SoC_VGA/sw/nios/application/VGA_Display_Gen1_bsp//libhal_bsp.a(alt_irq_entry.o)
 .text          0x0000000010100970        0x0 /home/pokitoz/Dropbox/DE0_SoC_VGA/sw/nios/application/VGA_Display_Gen1_bsp//libhal_bsp.a(alt_irq_handler.o)
 .text          0x0000000010100970        0x0 /home/pokitoz/Dropbox/DE0_SoC_VGA/sw/nios/application/VGA_Display_Gen1_bsp//libhal_bsp.a(alt_irq_vars.o)
 .text          0x0000000010100970       0xf8 /home/pokitoz/Dropbox/DE0_SoC_VGA/sw/nios/application/VGA_Display_Gen1_bsp//libhal_bsp.a(alt_load.o)
                0x0000000010100970                alt_load
 .text          0x0000000010100a68       0x2c /home/pokitoz/Dropbox/DE0_SoC_VGA/sw/nios/application/VGA_Display_Gen1_bsp//libhal_bsp.a(alt_main.o)
                0x0000000010100a68                alt_main
 .text          0x0000000010100a94      0x16c /home/pokitoz/Dropbox/DE0_SoC_VGA/sw/nios/application/VGA_Display_Gen1_bsp//libhal_bsp.a(alt_printf.o)
                0x0000000010100a94                alt_printf
 .text          0x0000000010100c00       0x48 /home/pokitoz/Dropbox/DE0_SoC_VGA/sw/nios/application/VGA_Display_Gen1_bsp//libhal_bsp.a(alt_putchar.o)
                0x0000000010100c00                alt_putchar
 .text          0x0000000010100c48       0x38 /home/pokitoz/Dropbox/DE0_SoC_VGA/sw/nios/application/VGA_Display_Gen1_bsp//libhal_bsp.a(alt_putstr.o)
                0x0000000010100c48                alt_putstr
 .text          0x0000000010100c80       0x34 /home/pokitoz/Dropbox/DE0_SoC_VGA/sw/nios/application/VGA_Display_Gen1_bsp//libhal_bsp.a(alt_sys_init.o)
                0x0000000010100c80                alt_irq_init
                0x0000000010100ca0                alt_sys_init
 .text          0x0000000010100cb4       0x34 /home/pokitoz/Dropbox/DE0_SoC_VGA/sw/nios/application/VGA_Display_Gen1_bsp//libhal_bsp.a(altera_avalon_jtag_uart_write.o)
                0x0000000010100cb4                altera_avalon_jtag_uart_write
 .text          0x0000000010100ce8      0xe4c /home/pokitoz/Dropbox/DE0_SoC_VGA/sw/nios/application/VGA_Display_Gen1_bsp//libhal_bsp.a(altera_msgdma.o)
                0x00000000101011dc                alt_msgdma_construct_standard_st_to_mm_descriptor
                0x0000000010101214                alt_msgdma_construct_standard_mm_to_st_descriptor
                0x000000001010124c                alt_msgdma_construct_standard_mm_to_mm_descriptor
                0x0000000010101288                alt_msgdma_construct_extended_st_to_mm_descriptor
                0x0000000010101300                alt_msgdma_construct_extended_mm_to_st_descriptor
                0x0000000010101378                alt_msgdma_construct_extended_mm_to_mm_descriptor
                0x0000000010101408                alt_msgdma_construct_prefetcher_standard_mm_to_mm_descriptor
                0x0000000010101454                alt_msgdma_construct_prefetcher_standard_st_to_mm_descriptor
                0x000000001010149c                alt_msgdma_construct_prefetcher_standard_mm_to_st_descriptor
                0x00000000101014e4                alt_msgdma_construct_prefetcher_extended_st_to_mm_descriptor
                0x0000000010101574                alt_msgdma_construct_prefetcher_extended_mm_to_st_descriptor
                0x0000000010101604                alt_msgdma_construct_prefetcher_extended_mm_to_mm_descriptor
                0x00000000101016b0                alt_msgdma_prefetcher_add_standard_desc_to_list
                0x0000000010101700                alt_msgdma_prefetcher_add_extended_desc_to_list
                0x0000000010101764                alt_msgdma_prefetcher_set_std_list_own_by_hw_bits
                0x0000000010101798                alt_msgdma_prefetcher_set_extd_list_own_by_hw_bits
                0x00000000101017e0                alt_msgdma_start_prefetcher_with_list_addr
                0x00000000101018e8                alt_msgdma_start_prefetcher_with_std_desc_list
                0x0000000010101954                alt_msgdma_start_prefetcher_with_extd_desc_list
                0x00000000101019c0                alt_msgdma_open
                0x0000000010101a18                alt_msgdma_init
                0x0000000010101afc                alt_msgdma_register_callback
                0x0000000010101b0c                alt_msgdma_standard_descriptor_async_transfer
                0x0000000010101b14                alt_msgdma_extended_descriptor_async_transfer
                0x0000000010101b20                alt_msgdma_standard_descriptor_sync_transfer
                0x0000000010101b28                alt_msgdma_extended_descriptor_sync_transfer
 .text          0x0000000010101b34       0x78 /home/pokitoz/Dropbox/DE0_SoC_VGA/sw/nios/application/VGA_Display_Gen1_bsp//libhal_bsp.a(alt_busy_sleep.o)
                0x0000000010101b34                alt_busy_sleep
 .text          0x0000000010101bac       0x18 /home/pokitoz/Dropbox/DE0_SoC_VGA/sw/nios/application/VGA_Display_Gen1_bsp//libhal_bsp.a(alt_dcache_flush_all.o)
                0x0000000010101bac                alt_dcache_flush_all
 .text          0x0000000010101bc4       0x78 /home/pokitoz/Dropbox/DE0_SoC_VGA/sw/nios/application/VGA_Display_Gen1_bsp//libhal_bsp.a(alt_dev_llist_insert.o)
                0x0000000010101bc4                alt_dev_llist_insert
 .text          0x0000000010101c3c        0x0 /home/pokitoz/Dropbox/DE0_SoC_VGA/sw/nios/application/VGA_Display_Gen1_bsp//libhal_bsp.a(alt_errno.o)
 .text          0x0000000010101c3c        0x0 /home/pokitoz/Dropbox/DE0_SoC_VGA/sw/nios/application/VGA_Display_Gen1_bsp//libhal_bsp.a(alt_exception_entry.o)
 .text          0x0000000010101c3c       0x74 /home/pokitoz/Dropbox/DE0_SoC_VGA/sw/nios/application/VGA_Display_Gen1_bsp//libhal_bsp.a(alt_find_dev.o)
                0x0000000010101c3c                alt_find_dev
 .text          0x0000000010101cb0        0xc /home/pokitoz/Dropbox/DE0_SoC_VGA/sw/nios/application/VGA_Display_Gen1_bsp//libhal_bsp.a(alt_icache_flush_all.o)
                0x0000000010101cb0                alt_icache_flush_all
 .text          0x0000000010101cbc        0x8 /home/pokitoz/Dropbox/DE0_SoC_VGA/sw/nios/application/VGA_Display_Gen1_bsp//libhal_bsp.a(altera_nios2_qsys_irq.o)
                0x0000000010101cbc                altera_nios2_qsys_irq_init
 .text          0x0000000010101cc4       0x38 /home/pokitoz/Dropbox/DE0_SoC_VGA/sw/nios/application/VGA_Display_Gen1_bsp//libhal_bsp.a(alt_icache_flush.o)
                0x0000000010101cc4                alt_icache_flush
 .text          0x0000000010101cfc        0x0 /home/pokitoz/altera/15.1/nios2eds/bin/gnu/H-x86_64-pc-linux-gnu/bin/../lib/gcc/nios2-elf/4.9.2/../../../../../H-x86_64-pc-linux-gnu/nios2-elf/lib/libsmallc.a(lib_a-int_errno.o)
 .text          0x0000000010101cfc        0x0 /home/pokitoz/altera/15.1/nios2eds/bin/gnu/H-x86_64-pc-linux-gnu/bin/../lib/gcc/nios2-elf/4.9.2/../../../../../H-x86_64-pc-linux-gnu/nios2-elf/lib/libsmallc.a(lib_a-memcmp.o)
 .text.memcmp   0x0000000010101cfc       0x30 /home/pokitoz/altera/15.1/nios2eds/bin/gnu/H-x86_64-pc-linux-gnu/bin/../lib/gcc/nios2-elf/4.9.2/../../../../../H-x86_64-pc-linux-gnu/nios2-elf/lib/libsmallc.a(lib_a-memcmp.o)
                0x0000000010101cfc                memcmp
 .text          0x0000000010101d2c        0x0 /home/pokitoz/altera/15.1/nios2eds/bin/gnu/H-x86_64-pc-linux-gnu/bin/../lib/gcc/nios2-elf/4.9.2/../../../../../H-x86_64-pc-linux-gnu/nios2-elf/lib/libsmallc.a(lib_a-strlen.o)
 .text.strlen   0x0000000010101d2c       0x1c /home/pokitoz/altera/15.1/nios2eds/bin/gnu/H-x86_64-pc-linux-gnu/bin/../lib/gcc/nios2-elf/4.9.2/../../../../../H-x86_64-pc-linux-gnu/nios2-elf/lib/libsmallc.a(lib_a-strlen.o)
                0x0000000010101d2c                strlen
 *(.gnu.warning.*)
 *(.fini)
                0x0000000010101d48                PROVIDE (__etext, ABSOLUTE (.))
                0x0000000010101d48                PROVIDE (_etext, ABSOLUTE (.))
                0x0000000010101d48                PROVIDE (etext, ABSOLUTE (.))
 *(.eh_frame_hdr)
                0x0000000010101d48                . = ALIGN (0x4)
                0x0000000010101d48                PROVIDE (__preinit_array_start, ABSOLUTE (.))
 *(.preinit_array)
                0x0000000010101d48                PROVIDE (__preinit_array_end, ABSOLUTE (.))
                0x0000000010101d48                PROVIDE (__init_array_start, ABSOLUTE (.))
 *(.init_array)
                0x0000000010101d48                PROVIDE (__init_array_end, ABSOLUTE (.))
                0x0000000010101d48                PROVIDE (__fini_array_start, ABSOLUTE (.))
 *(.fini_array)
                0x0000000010101d48                PROVIDE (__fini_array_end, ABSOLUTE (.))
 *(.eh_frame)
 *(.gcc_except_table .gcc_except_table.*)
 *(.dynamic)
                0x0000000010101d48                PROVIDE (__CTOR_LIST__, ABSOLUTE (.))
 *(.ctors)
 *(SORT(.ctors.*))
                0x0000000010101d48                PROVIDE (__CTOR_END__, ABSOLUTE (.))
                0x0000000010101d48                PROVIDE (__DTOR_LIST__, ABSOLUTE (.))
 *(.dtors)
 *(SORT(.dtors.*))
                0x0000000010101d48                PROVIDE (__DTOR_END__, ABSOLUTE (.))
 *(.jcr)
                0x0000000010101d48                . = ALIGN (0x4)

.rodata         0x0000000010101d48      0x43c
                0x0000000010101d48                PROVIDE (__ram_rodata_start, ABSOLUTE (.))
                0x0000000010101d48                . = ALIGN (0x4)
 *(.rodata .rodata.* .gnu.linkonce.r.*)
 .rodata.str1.4
                0x0000000010101d48       0x59 obj/default/VGA_DMA_display.o
                                         0x5c (size before relaxing)
 *fill*         0x0000000010101da1        0x3 
 .rodata        0x0000000010101da4       0x60 obj/default/VGA_DMA_display.o
 .rodata.str1.4
                0x0000000010101e04      0x1b0 obj/default/msgDMA.o
 .rodata.str1.4
                0x0000000000000000       0x28 /home/pokitoz/Dropbox/DE0_SoC_VGA/sw/nios/application/VGA_Display_Gen1_bsp//libhal_bsp.a(alt_sys_init.o)
 .rodata.str1.4
                0x0000000010101fb4      0x1d0 /home/pokitoz/Dropbox/DE0_SoC_VGA/sw/nios/application/VGA_Display_Gen1_bsp//libhal_bsp.a(altera_msgdma.o)
 *(.rodata1)
                0x0000000010102184                . = ALIGN (0x4)
                0x0000000010102184                PROVIDE (__ram_rodata_end, ABSOLUTE (.))
                0x0000000010101d48                PROVIDE (__flash_rodata_start, LOADADDR (.rodata))

.rwdata         0x0000000010102184      0xa74 load address 0x0000000010102bf8
                0x0000000010102184                PROVIDE (__ram_rwdata_start, ABSOLUTE (.))
                0x0000000010102184                . = ALIGN (0x4)
 *(.got.plt)
 *(.got)
 *(.data1)
 *(.data .data.* .gnu.linkonce.d.*)
 .data          0x0000000010102184        0x0 /home/pokitoz/Dropbox/DE0_SoC_VGA/sw/nios/application/VGA_Display_Gen1_bsp//obj/HAL/src/crt0.o
 .data          0x0000000010102184      0xa00 obj/default/VGA_DMA_display.o
                0x0000000010102184                const_img
 .data          0x0000000010102b84        0x0 obj/default/VGA_Display.o
 .data          0x0000000010102b84        0x0 obj/default/msgDMA.o
 .data          0x0000000010102b84        0x0 /home/pokitoz/altera/15.1/nios2eds/bin/gnu/H-x86_64-pc-linux-gnu/bin/../lib/gcc/nios2-elf/4.9.2/libgcc.a(lib2-divmod.o)
 .data          0x0000000010102b84        0x0 /home/pokitoz/altera/15.1/nios2eds/bin/gnu/H-x86_64-pc-linux-gnu/bin/../lib/gcc/nios2-elf/4.9.2/../../../../../H-x86_64-pc-linux-gnu/nios2-elf/lib/libsmallc.a(lib_a-memcpy.o)
 .data          0x0000000010102b84        0x0 /home/pokitoz/Dropbox/DE0_SoC_VGA/sw/nios/application/VGA_Display_Gen1_bsp//libhal_bsp.a(alt_iic.o)
 .data          0x0000000010102b84        0x0 /home/pokitoz/Dropbox/DE0_SoC_VGA/sw/nios/application/VGA_Display_Gen1_bsp//libhal_bsp.a(alt_iic_isr_register.o)
 .data          0x0000000010102b84        0x0 /home/pokitoz/Dropbox/DE0_SoC_VGA/sw/nios/application/VGA_Display_Gen1_bsp//libhal_bsp.a(alt_irq_entry.o)
 .data          0x0000000010102b84        0x0 /home/pokitoz/Dropbox/DE0_SoC_VGA/sw/nios/application/VGA_Display_Gen1_bsp//libhal_bsp.a(alt_irq_handler.o)
 .data          0x0000000010102b84        0x0 /home/pokitoz/Dropbox/DE0_SoC_VGA/sw/nios/application/VGA_Display_Gen1_bsp//libhal_bsp.a(alt_irq_vars.o)
 .data          0x0000000010102b84        0x0 /home/pokitoz/Dropbox/DE0_SoC_VGA/sw/nios/application/VGA_Display_Gen1_bsp//libhal_bsp.a(alt_load.o)
 .data          0x0000000010102b84        0x0 /home/pokitoz/Dropbox/DE0_SoC_VGA/sw/nios/application/VGA_Display_Gen1_bsp//libhal_bsp.a(alt_main.o)
 .data          0x0000000010102b84        0x0 /home/pokitoz/Dropbox/DE0_SoC_VGA/sw/nios/application/VGA_Display_Gen1_bsp//libhal_bsp.a(alt_printf.o)
 .data          0x0000000010102b84        0x0 /home/pokitoz/Dropbox/DE0_SoC_VGA/sw/nios/application/VGA_Display_Gen1_bsp//libhal_bsp.a(alt_putchar.o)
 .data          0x0000000010102b84        0x0 /home/pokitoz/Dropbox/DE0_SoC_VGA/sw/nios/application/VGA_Display_Gen1_bsp//libhal_bsp.a(alt_putstr.o)
 .data          0x0000000010102b84       0x60 /home/pokitoz/Dropbox/DE0_SoC_VGA/sw/nios/application/VGA_Display_Gen1_bsp//libhal_bsp.a(alt_sys_init.o)
 .data          0x0000000010102be4        0x0 /home/pokitoz/Dropbox/DE0_SoC_VGA/sw/nios/application/VGA_Display_Gen1_bsp//libhal_bsp.a(altera_avalon_jtag_uart_write.o)
 .data          0x0000000010102be4        0x0 /home/pokitoz/Dropbox/DE0_SoC_VGA/sw/nios/application/VGA_Display_Gen1_bsp//libhal_bsp.a(altera_msgdma.o)
 .data          0x0000000010102be4        0x0 /home/pokitoz/Dropbox/DE0_SoC_VGA/sw/nios/application/VGA_Display_Gen1_bsp//libhal_bsp.a(alt_busy_sleep.o)
 .data          0x0000000010102be4        0x0 /home/pokitoz/Dropbox/DE0_SoC_VGA/sw/nios/application/VGA_Display_Gen1_bsp//libhal_bsp.a(alt_dcache_flush_all.o)
 .data          0x0000000010102be4        0x0 /home/pokitoz/Dropbox/DE0_SoC_VGA/sw/nios/application/VGA_Display_Gen1_bsp//libhal_bsp.a(alt_dev_llist_insert.o)
 .data          0x0000000010102be4        0x0 /home/pokitoz/Dropbox/DE0_SoC_VGA/sw/nios/application/VGA_Display_Gen1_bsp//libhal_bsp.a(alt_errno.o)
 .data          0x0000000010102be4        0x0 /home/pokitoz/Dropbox/DE0_SoC_VGA/sw/nios/application/VGA_Display_Gen1_bsp//libhal_bsp.a(alt_exception_entry.o)
 .data          0x0000000010102be4        0x0 /home/pokitoz/Dropbox/DE0_SoC_VGA/sw/nios/application/VGA_Display_Gen1_bsp//libhal_bsp.a(alt_find_dev.o)
 .data          0x0000000010102be4        0x0 /home/pokitoz/Dropbox/DE0_SoC_VGA/sw/nios/application/VGA_Display_Gen1_bsp//libhal_bsp.a(alt_icache_flush_all.o)
 .data          0x0000000010102be4        0x0 /home/pokitoz/Dropbox/DE0_SoC_VGA/sw/nios/application/VGA_Display_Gen1_bsp//libhal_bsp.a(altera_nios2_qsys_irq.o)
 .data          0x0000000010102be4        0x0 /home/pokitoz/Dropbox/DE0_SoC_VGA/sw/nios/application/VGA_Display_Gen1_bsp//libhal_bsp.a(alt_icache_flush.o)
 .data          0x0000000010102be4        0x0 /home/pokitoz/altera/15.1/nios2eds/bin/gnu/H-x86_64-pc-linux-gnu/bin/../lib/gcc/nios2-elf/4.9.2/../../../../../H-x86_64-pc-linux-gnu/nios2-elf/lib/libsmallc.a(lib_a-int_errno.o)
 .data          0x0000000010102be4        0x0 /home/pokitoz/altera/15.1/nios2eds/bin/gnu/H-x86_64-pc-linux-gnu/bin/../lib/gcc/nios2-elf/4.9.2/../../../../../H-x86_64-pc-linux-gnu/nios2-elf/lib/libsmallc.a(lib_a-memcmp.o)
 .data          0x0000000010102be4        0x0 /home/pokitoz/altera/15.1/nios2eds/bin/gnu/H-x86_64-pc-linux-gnu/bin/../lib/gcc/nios2-elf/4.9.2/../../../../../H-x86_64-pc-linux-gnu/nios2-elf/lib/libsmallc.a(lib_a-strlen.o)
                0x000000001010abe4                _gp = ABSOLUTE ((. + 0x8000))
                0x000000001010abe4                PROVIDE (gp, _gp)
 *(.rwdata .rwdata.*)
 *(.sdata .sdata.* .gnu.linkonce.s.*)
 .sdata         0x0000000010102be4        0x4 /home/pokitoz/Dropbox/DE0_SoC_VGA/sw/nios/application/VGA_Display_Gen1_bsp//libhal_bsp.a(alt_irq_vars.o)
                0x0000000010102be4                alt_priority_mask
 .sdata         0x0000000010102be8        0x4 /home/pokitoz/Dropbox/DE0_SoC_VGA/sw/nios/application/VGA_Display_Gen1_bsp//libhal_bsp.a(alt_sys_init.o)
                0x0000000010102be8                jtag_uart_0
 .sdata         0x0000000010102bec        0x8 /home/pokitoz/Dropbox/DE0_SoC_VGA/sw/nios/application/VGA_Display_Gen1_bsp//libhal_bsp.a(altera_msgdma.o)
                0x0000000010102bec                alt_msgdma_list
 .sdata         0x0000000010102bf4        0x4 /home/pokitoz/Dropbox/DE0_SoC_VGA/sw/nios/application/VGA_Display_Gen1_bsp//libhal_bsp.a(alt_errno.o)
                0x0000000010102bf4                alt_errno
 *(.sdata2 .sdata2.* .gnu.linkonce.s2.*)
                0x0000000010102bf8                . = ALIGN (0x4)
                0x0000000010102bf8                _edata = ABSOLUTE (.)
                0x0000000010102bf8                PROVIDE (edata, ABSOLUTE (.))
                0x0000000010102bf8                PROVIDE (__ram_rwdata_end, ABSOLUTE (.))
                0x0000000010102bf8                PROVIDE (__flash_rwdata_start, LOADADDR (.rwdata))

.bss            0x000000001010366c      0x194
                0x000000001010366c                __bss_start = ABSOLUTE (.)
                0x000000001010366c                PROVIDE (__sbss_start, ABSOLUTE (.))
                0x000000001010366c                PROVIDE (___sbss_start, ABSOLUTE (.))
 *(.dynsbss)
 *(.sbss .sbss.* .gnu.linkonce.sb.*)
 .sbss          0x000000001010366c        0x8 obj/default/VGA_DMA_display.o
                0x000000001010366c                next_desc
                0x0000000010103670                vsync
 .sbss          0x0000000010103674        0x4 obj/default/VGA_DMA_display.o
                0x0000000010103674                descriptor_number
 .sbss          0x0000000010103678        0x4 /home/pokitoz/Dropbox/DE0_SoC_VGA/sw/nios/application/VGA_Display_Gen1_bsp//libhal_bsp.a(alt_irq_vars.o)
                0x0000000010103678                alt_irq_active
 .sbss          0x000000001010367c        0xc /home/pokitoz/Dropbox/DE0_SoC_VGA/sw/nios/application/VGA_Display_Gen1_bsp//libhal_bsp.a(alt_main.o)
                0x000000001010367c                alt_envp
                0x0000000010103680                alt_argv
                0x0000000010103684                alt_argc
 .sbss          0x0000000010103688        0x4 /home/pokitoz/altera/15.1/nios2eds/bin/gnu/H-x86_64-pc-linux-gnu/bin/../lib/gcc/nios2-elf/4.9.2/../../../../../H-x86_64-pc-linux-gnu/nios2-elf/lib/libsmallc.a(lib_a-int_errno.o)
                0x0000000010103688                errno
 *(.sbss2 .sbss2.* .gnu.linkonce.sb2.*)
 *(.scommon)
                0x000000001010368c                PROVIDE (__sbss_end, ABSOLUTE (.))
                0x000000001010368c                PROVIDE (___sbss_end, ABSOLUTE (.))
 *(.dynbss)
 *(.bss .bss.* .gnu.linkonce.b.*)
 .bss           0x000000001010368c        0x0 /home/pokitoz/Dropbox/DE0_SoC_VGA/sw/nios/application/VGA_Display_Gen1_bsp//obj/HAL/src/crt0.o
 .bss           0x000000001010368c        0x0 obj/default/VGA_DMA_display.o
 .bss           0x000000001010368c        0x0 obj/default/VGA_Display.o
 .bss           0x000000001010368c        0x0 obj/default/msgDMA.o
 .bss           0x000000001010368c        0x0 /home/pokitoz/altera/15.1/nios2eds/bin/gnu/H-x86_64-pc-linux-gnu/bin/../lib/gcc/nios2-elf/4.9.2/libgcc.a(lib2-divmod.o)
 .bss           0x000000001010368c        0x0 /home/pokitoz/altera/15.1/nios2eds/bin/gnu/H-x86_64-pc-linux-gnu/bin/../lib/gcc/nios2-elf/4.9.2/../../../../../H-x86_64-pc-linux-gnu/nios2-elf/lib/libsmallc.a(lib_a-memcpy.o)
 .bss           0x000000001010368c        0x0 /home/pokitoz/Dropbox/DE0_SoC_VGA/sw/nios/application/VGA_Display_Gen1_bsp//libhal_bsp.a(alt_iic.o)
 .bss           0x000000001010368c        0x0 /home/pokitoz/Dropbox/DE0_SoC_VGA/sw/nios/application/VGA_Display_Gen1_bsp//libhal_bsp.a(alt_iic_isr_register.o)
 .bss           0x000000001010368c        0x0 /home/pokitoz/Dropbox/DE0_SoC_VGA/sw/nios/application/VGA_Display_Gen1_bsp//libhal_bsp.a(alt_irq_entry.o)
 .bss           0x000000001010368c        0x0 /home/pokitoz/Dropbox/DE0_SoC_VGA/sw/nios/application/VGA_Display_Gen1_bsp//libhal_bsp.a(alt_irq_handler.o)
 .bss           0x000000001010368c        0x0 /home/pokitoz/Dropbox/DE0_SoC_VGA/sw/nios/application/VGA_Display_Gen1_bsp//libhal_bsp.a(alt_irq_vars.o)
 .bss           0x000000001010368c        0x0 /home/pokitoz/Dropbox/DE0_SoC_VGA/sw/nios/application/VGA_Display_Gen1_bsp//libhal_bsp.a(alt_load.o)
 .bss           0x000000001010368c        0x0 /home/pokitoz/Dropbox/DE0_SoC_VGA/sw/nios/application/VGA_Display_Gen1_bsp//libhal_bsp.a(alt_main.o)
 .bss           0x000000001010368c        0x0 /home/pokitoz/Dropbox/DE0_SoC_VGA/sw/nios/application/VGA_Display_Gen1_bsp//libhal_bsp.a(alt_printf.o)
 .bss           0x000000001010368c        0x0 /home/pokitoz/Dropbox/DE0_SoC_VGA/sw/nios/application/VGA_Display_Gen1_bsp//libhal_bsp.a(alt_putchar.o)
 .bss           0x000000001010368c        0x0 /home/pokitoz/Dropbox/DE0_SoC_VGA/sw/nios/application/VGA_Display_Gen1_bsp//libhal_bsp.a(alt_putstr.o)
 .bss           0x000000001010368c        0x0 /home/pokitoz/Dropbox/DE0_SoC_VGA/sw/nios/application/VGA_Display_Gen1_bsp//libhal_bsp.a(alt_sys_init.o)
 .bss           0x000000001010368c        0x0 /home/pokitoz/Dropbox/DE0_SoC_VGA/sw/nios/application/VGA_Display_Gen1_bsp//libhal_bsp.a(altera_avalon_jtag_uart_write.o)
 .bss           0x000000001010368c        0x0 /home/pokitoz/Dropbox/DE0_SoC_VGA/sw/nios/application/VGA_Display_Gen1_bsp//libhal_bsp.a(altera_msgdma.o)
 .bss           0x000000001010368c        0x0 /home/pokitoz/Dropbox/DE0_SoC_VGA/sw/nios/application/VGA_Display_Gen1_bsp//libhal_bsp.a(alt_busy_sleep.o)
 .bss           0x000000001010368c        0x0 /home/pokitoz/Dropbox/DE0_SoC_VGA/sw/nios/application/VGA_Display_Gen1_bsp//libhal_bsp.a(alt_dcache_flush_all.o)
 .bss           0x000000001010368c        0x0 /home/pokitoz/Dropbox/DE0_SoC_VGA/sw/nios/application/VGA_Display_Gen1_bsp//libhal_bsp.a(alt_dev_llist_insert.o)
 .bss           0x000000001010368c        0x0 /home/pokitoz/Dropbox/DE0_SoC_VGA/sw/nios/application/VGA_Display_Gen1_bsp//libhal_bsp.a(alt_errno.o)
 .bss           0x000000001010368c        0x0 /home/pokitoz/Dropbox/DE0_SoC_VGA/sw/nios/application/VGA_Display_Gen1_bsp//libhal_bsp.a(alt_exception_entry.o)
 .bss           0x000000001010368c        0x0 /home/pokitoz/Dropbox/DE0_SoC_VGA/sw/nios/application/VGA_Display_Gen1_bsp//libhal_bsp.a(alt_find_dev.o)
 .bss           0x000000001010368c        0x0 /home/pokitoz/Dropbox/DE0_SoC_VGA/sw/nios/application/VGA_Display_Gen1_bsp//libhal_bsp.a(alt_icache_flush_all.o)
 .bss           0x000000001010368c        0x0 /home/pokitoz/Dropbox/DE0_SoC_VGA/sw/nios/application/VGA_Display_Gen1_bsp//libhal_bsp.a(altera_nios2_qsys_irq.o)
 .bss           0x000000001010368c        0x0 /home/pokitoz/Dropbox/DE0_SoC_VGA/sw/nios/application/VGA_Display_Gen1_bsp//libhal_bsp.a(alt_icache_flush.o)
 .bss           0x000000001010368c        0x0 /home/pokitoz/altera/15.1/nios2eds/bin/gnu/H-x86_64-pc-linux-gnu/bin/../lib/gcc/nios2-elf/4.9.2/../../../../../H-x86_64-pc-linux-gnu/nios2-elf/lib/libsmallc.a(lib_a-int_errno.o)
 .bss           0x000000001010368c        0x0 /home/pokitoz/altera/15.1/nios2eds/bin/gnu/H-x86_64-pc-linux-gnu/bin/../lib/gcc/nios2-elf/4.9.2/../../../../../H-x86_64-pc-linux-gnu/nios2-elf/lib/libsmallc.a(lib_a-memcmp.o)
 .bss           0x000000001010368c        0x0 /home/pokitoz/altera/15.1/nios2eds/bin/gnu/H-x86_64-pc-linux-gnu/bin/../lib/gcc/nios2-elf/4.9.2/../../../../../H-x86_64-pc-linux-gnu/nios2-elf/lib/libsmallc.a(lib_a-strlen.o)
 *(COMMON)
 *fill*         0x000000001010368c        0x4 
 COMMON         0x0000000010103690       0x70 obj/default/VGA_DMA_display.o
                0x0000000010103690                msgdma_dev
                0x00000000101036f0                msgdma_desc
 COMMON         0x0000000010103700      0x100 /home/pokitoz/Dropbox/DE0_SoC_VGA/sw/nios/application/VGA_Display_Gen1_bsp//libhal_bsp.a(alt_irq_handler.o)
                0x0000000010103700                alt_irq
                0x0000000010103800                . = ALIGN (0x4)
                0x0000000010103800                __bss_end = ABSOLUTE (.)

.onchip_memory2_0
                0x0000000010103800        0x0
                0x0000000010103800                PROVIDE (_alt_partition_onchip_memory2_0_start, ABSOLUTE (.))
 *(.onchip_memory2_0 .onchip_memory2_0. onchip_memory2_0.*)
                0x0000000010103800                . = ALIGN (0x4)
                0x0000000010103800                PROVIDE (_alt_partition_onchip_memory2_0_end, ABSOLUTE (.))
                0x0000000010103800                _end = ABSOLUTE (.)
                0x0000000010103800                end = ABSOLUTE (.)
                0x0000000010103800                __alt_stack_base = ABSOLUTE (.)
                0x0000000010103800                PROVIDE (_alt_partition_onchip_memory2_0_load_addr, LOADADDR (.onchip_memory2_0))

.stab
 *(.stab)

.stabstr
 *(.stabstr)

.stab.excl
 *(.stab.excl)

.stab.exclstr
 *(.stab.exclstr)

.stab.index
 *(.stab.index)

.stab.indexstr
 *(.stab.indexstr)

.comment        0x0000000000000000       0x23
 *(.comment)
 .comment       0x0000000000000000       0x23 obj/default/VGA_DMA_display.o
                                         0x24 (size before relaxing)
 .comment       0x0000000000000000       0x24 obj/default/VGA_Display.o
 .comment       0x0000000000000000       0x24 obj/default/msgDMA.o
 .comment       0x0000000000000000       0x24 /home/pokitoz/altera/15.1/nios2eds/bin/gnu/H-x86_64-pc-linux-gnu/bin/../lib/gcc/nios2-elf/4.9.2/libgcc.a(lib2-divmod.o)
 .comment       0x0000000000000000       0x24 /home/pokitoz/altera/15.1/nios2eds/bin/gnu/H-x86_64-pc-linux-gnu/bin/../lib/gcc/nios2-elf/4.9.2/../../../../../H-x86_64-pc-linux-gnu/nios2-elf/lib/libsmallc.a(lib_a-memcpy.o)
 .comment       0x0000000000000000       0x24 /home/pokitoz/Dropbox/DE0_SoC_VGA/sw/nios/application/VGA_Display_Gen1_bsp//libhal_bsp.a(alt_iic.o)
 .comment       0x0000000000000000       0x24 /home/pokitoz/Dropbox/DE0_SoC_VGA/sw/nios/application/VGA_Display_Gen1_bsp//libhal_bsp.a(alt_iic_isr_register.o)
 .comment       0x0000000000000000       0x24 /home/pokitoz/Dropbox/DE0_SoC_VGA/sw/nios/application/VGA_Display_Gen1_bsp//libhal_bsp.a(alt_irq_handler.o)
 .comment       0x0000000000000000       0x24 /home/pokitoz/Dropbox/DE0_SoC_VGA/sw/nios/application/VGA_Display_Gen1_bsp//libhal_bsp.a(alt_irq_vars.o)
 .comment       0x0000000000000000       0x24 /home/pokitoz/Dropbox/DE0_SoC_VGA/sw/nios/application/VGA_Display_Gen1_bsp//libhal_bsp.a(alt_load.o)
 .comment       0x0000000000000000       0x24 /home/pokitoz/Dropbox/DE0_SoC_VGA/sw/nios/application/VGA_Display_Gen1_bsp//libhal_bsp.a(alt_main.o)
 .comment       0x0000000000000000       0x24 /home/pokitoz/Dropbox/DE0_SoC_VGA/sw/nios/application/VGA_Display_Gen1_bsp//libhal_bsp.a(alt_printf.o)
 .comment       0x0000000000000000       0x24 /home/pokitoz/Dropbox/DE0_SoC_VGA/sw/nios/application/VGA_Display_Gen1_bsp//libhal_bsp.a(alt_putchar.o)
 .comment       0x0000000000000000       0x24 /home/pokitoz/Dropbox/DE0_SoC_VGA/sw/nios/application/VGA_Display_Gen1_bsp//libhal_bsp.a(alt_putstr.o)
 .comment       0x0000000000000000       0x24 /home/pokitoz/Dropbox/DE0_SoC_VGA/sw/nios/application/VGA_Display_Gen1_bsp//libhal_bsp.a(alt_sys_init.o)
 .comment       0x0000000000000000       0x24 /home/pokitoz/Dropbox/DE0_SoC_VGA/sw/nios/application/VGA_Display_Gen1_bsp//libhal_bsp.a(altera_avalon_jtag_uart_write.o)
 .comment       0x0000000000000000       0x24 /home/pokitoz/Dropbox/DE0_SoC_VGA/sw/nios/application/VGA_Display_Gen1_bsp//libhal_bsp.a(altera_msgdma.o)
 .comment       0x0000000000000000       0x24 /home/pokitoz/Dropbox/DE0_SoC_VGA/sw/nios/application/VGA_Display_Gen1_bsp//libhal_bsp.a(alt_busy_sleep.o)
 .comment       0x0000000000000000       0x24 /home/pokitoz/Dropbox/DE0_SoC_VGA/sw/nios/application/VGA_Display_Gen1_bsp//libhal_bsp.a(alt_dcache_flush_all.o)
 .comment       0x0000000000000000       0x24 /home/pokitoz/Dropbox/DE0_SoC_VGA/sw/nios/application/VGA_Display_Gen1_bsp//libhal_bsp.a(alt_dev_llist_insert.o)
 .comment       0x0000000000000000       0x24 /home/pokitoz/Dropbox/DE0_SoC_VGA/sw/nios/application/VGA_Display_Gen1_bsp//libhal_bsp.a(alt_errno.o)
 .comment       0x0000000000000000       0x24 /home/pokitoz/Dropbox/DE0_SoC_VGA/sw/nios/application/VGA_Display_Gen1_bsp//libhal_bsp.a(alt_find_dev.o)
 .comment       0x0000000000000000       0x24 /home/pokitoz/Dropbox/DE0_SoC_VGA/sw/nios/application/VGA_Display_Gen1_bsp//libhal_bsp.a(alt_icache_flush_all.o)
 .comment       0x0000000000000000       0x24 /home/pokitoz/Dropbox/DE0_SoC_VGA/sw/nios/application/VGA_Display_Gen1_bsp//libhal_bsp.a(altera_nios2_qsys_irq.o)
 .comment       0x0000000000000000       0x24 /home/pokitoz/Dropbox/DE0_SoC_VGA/sw/nios/application/VGA_Display_Gen1_bsp//libhal_bsp.a(alt_icache_flush.o)
 .comment       0x0000000000000000       0x24 /home/pokitoz/altera/15.1/nios2eds/bin/gnu/H-x86_64-pc-linux-gnu/bin/../lib/gcc/nios2-elf/4.9.2/../../../../../H-x86_64-pc-linux-gnu/nios2-elf/lib/libsmallc.a(lib_a-int_errno.o)
 .comment       0x0000000000000000       0x24 /home/pokitoz/altera/15.1/nios2eds/bin/gnu/H-x86_64-pc-linux-gnu/bin/../lib/gcc/nios2-elf/4.9.2/../../../../../H-x86_64-pc-linux-gnu/nios2-elf/lib/libsmallc.a(lib_a-memcmp.o)
 .comment       0x0000000000000000       0x24 /home/pokitoz/altera/15.1/nios2eds/bin/gnu/H-x86_64-pc-linux-gnu/bin/../lib/gcc/nios2-elf/4.9.2/../../../../../H-x86_64-pc-linux-gnu/nios2-elf/lib/libsmallc.a(lib_a-strlen.o)

.debug
 *(.debug)

.line
 *(.line)

.debug_srcinfo
 *(.debug_srcinfo)

.debug_sfnames
 *(.debug_sfnames)

.debug_aranges  0x0000000000000000      0x400
 *(.debug_aranges)
 .debug_aranges
                0x0000000000000000       0x28 /home/pokitoz/Dropbox/DE0_SoC_VGA/sw/nios/application/VGA_Display_Gen1_bsp//obj/HAL/src/crt0.o
 .debug_aranges
                0x0000000000000028       0x28 obj/default/VGA_DMA_display.o
 .debug_aranges
                0x0000000000000050       0x20 obj/default/VGA_Display.o
 .debug_aranges
                0x0000000000000070       0x20 obj/default/msgDMA.o
 .debug_aranges
                0x0000000000000090       0x20 /home/pokitoz/altera/15.1/nios2eds/bin/gnu/H-x86_64-pc-linux-gnu/bin/../lib/gcc/nios2-elf/4.9.2/libgcc.a(lib2-divmod.o)
 .debug_aranges
                0x00000000000000b0       0x20 /home/pokitoz/altera/15.1/nios2eds/bin/gnu/H-x86_64-pc-linux-gnu/bin/../lib/gcc/nios2-elf/4.9.2/../../../../../H-x86_64-pc-linux-gnu/nios2-elf/lib/libsmallc.a(lib_a-memcpy.o)
 .debug_aranges
                0x00000000000000d0       0x20 /home/pokitoz/Dropbox/DE0_SoC_VGA/sw/nios/application/VGA_Display_Gen1_bsp//libhal_bsp.a(alt_iic.o)
 .debug_aranges
                0x00000000000000f0       0x20 /home/pokitoz/Dropbox/DE0_SoC_VGA/sw/nios/application/VGA_Display_Gen1_bsp//libhal_bsp.a(alt_iic_isr_register.o)
 .debug_aranges
                0x0000000000000110       0x30 /home/pokitoz/Dropbox/DE0_SoC_VGA/sw/nios/application/VGA_Display_Gen1_bsp//libhal_bsp.a(alt_irq_entry.o)
 .debug_aranges
                0x0000000000000140       0x20 /home/pokitoz/Dropbox/DE0_SoC_VGA/sw/nios/application/VGA_Display_Gen1_bsp//libhal_bsp.a(alt_irq_handler.o)
 .debug_aranges
                0x0000000000000160       0x18 /home/pokitoz/Dropbox/DE0_SoC_VGA/sw/nios/application/VGA_Display_Gen1_bsp//libhal_bsp.a(alt_irq_vars.o)
 .debug_aranges
                0x0000000000000178       0x20 /home/pokitoz/Dropbox/DE0_SoC_VGA/sw/nios/application/VGA_Display_Gen1_bsp//libhal_bsp.a(alt_load.o)
 .debug_aranges
                0x0000000000000198       0x20 /home/pokitoz/Dropbox/DE0_SoC_VGA/sw/nios/application/VGA_Display_Gen1_bsp//libhal_bsp.a(alt_main.o)
 .debug_aranges
                0x00000000000001b8       0x20 /home/pokitoz/Dropbox/DE0_SoC_VGA/sw/nios/application/VGA_Display_Gen1_bsp//libhal_bsp.a(alt_printf.o)
 .debug_aranges
                0x00000000000001d8       0x20 /home/pokitoz/Dropbox/DE0_SoC_VGA/sw/nios/application/VGA_Display_Gen1_bsp//libhal_bsp.a(alt_putchar.o)
 .debug_aranges
                0x00000000000001f8       0x20 /home/pokitoz/Dropbox/DE0_SoC_VGA/sw/nios/application/VGA_Display_Gen1_bsp//libhal_bsp.a(alt_putstr.o)
 .debug_aranges
                0x0000000000000218       0x20 /home/pokitoz/Dropbox/DE0_SoC_VGA/sw/nios/application/VGA_Display_Gen1_bsp//libhal_bsp.a(alt_sys_init.o)
 .debug_aranges
                0x0000000000000238       0x20 /home/pokitoz/Dropbox/DE0_SoC_VGA/sw/nios/application/VGA_Display_Gen1_bsp//libhal_bsp.a(altera_avalon_jtag_uart_write.o)
 .debug_aranges
                0x0000000000000258       0x20 /home/pokitoz/Dropbox/DE0_SoC_VGA/sw/nios/application/VGA_Display_Gen1_bsp//libhal_bsp.a(altera_msgdma.o)
 .debug_aranges
                0x0000000000000278       0x20 /home/pokitoz/Dropbox/DE0_SoC_VGA/sw/nios/application/VGA_Display_Gen1_bsp//libhal_bsp.a(alt_busy_sleep.o)
 .debug_aranges
                0x0000000000000298       0x20 /home/pokitoz/Dropbox/DE0_SoC_VGA/sw/nios/application/VGA_Display_Gen1_bsp//libhal_bsp.a(alt_dcache_flush_all.o)
 .debug_aranges
                0x00000000000002b8       0x20 /home/pokitoz/Dropbox/DE0_SoC_VGA/sw/nios/application/VGA_Display_Gen1_bsp//libhal_bsp.a(alt_dev_llist_insert.o)
 .debug_aranges
                0x00000000000002d8       0x18 /home/pokitoz/Dropbox/DE0_SoC_VGA/sw/nios/application/VGA_Display_Gen1_bsp//libhal_bsp.a(alt_errno.o)
 .debug_aranges
                0x00000000000002f0       0x38 /home/pokitoz/Dropbox/DE0_SoC_VGA/sw/nios/application/VGA_Display_Gen1_bsp//libhal_bsp.a(alt_exception_entry.o)
 .debug_aranges
                0x0000000000000328       0x20 /home/pokitoz/Dropbox/DE0_SoC_VGA/sw/nios/application/VGA_Display_Gen1_bsp//libhal_bsp.a(alt_find_dev.o)
 .debug_aranges
                0x0000000000000348       0x20 /home/pokitoz/Dropbox/DE0_SoC_VGA/sw/nios/application/VGA_Display_Gen1_bsp//libhal_bsp.a(alt_icache_flush_all.o)
 .debug_aranges
                0x0000000000000368       0x20 /home/pokitoz/Dropbox/DE0_SoC_VGA/sw/nios/application/VGA_Display_Gen1_bsp//libhal_bsp.a(altera_nios2_qsys_irq.o)
 .debug_aranges
                0x0000000000000388       0x20 /home/pokitoz/Dropbox/DE0_SoC_VGA/sw/nios/application/VGA_Display_Gen1_bsp//libhal_bsp.a(alt_icache_flush.o)
 .debug_aranges
                0x00000000000003a8       0x18 /home/pokitoz/altera/15.1/nios2eds/bin/gnu/H-x86_64-pc-linux-gnu/bin/../lib/gcc/nios2-elf/4.9.2/../../../../../H-x86_64-pc-linux-gnu/nios2-elf/lib/libsmallc.a(lib_a-int_errno.o)
 .debug_aranges
                0x00000000000003c0       0x20 /home/pokitoz/altera/15.1/nios2eds/bin/gnu/H-x86_64-pc-linux-gnu/bin/../lib/gcc/nios2-elf/4.9.2/../../../../../H-x86_64-pc-linux-gnu/nios2-elf/lib/libsmallc.a(lib_a-memcmp.o)
 .debug_aranges
                0x00000000000003e0       0x20 /home/pokitoz/altera/15.1/nios2eds/bin/gnu/H-x86_64-pc-linux-gnu/bin/../lib/gcc/nios2-elf/4.9.2/../../../../../H-x86_64-pc-linux-gnu/nios2-elf/lib/libsmallc.a(lib_a-strlen.o)

.debug_pubnames
 *(.debug_pubnames)

.debug_info     0x0000000000000000     0x52f7
 *(.debug_info .gnu.linkonce.wi.*)
 .debug_info    0x0000000000000000       0x7f /home/pokitoz/Dropbox/DE0_SoC_VGA/sw/nios/application/VGA_Display_Gen1_bsp//obj/HAL/src/crt0.o
 .debug_info    0x000000000000007f      0x5f2 obj/default/VGA_DMA_display.o
 .debug_info    0x0000000000000671      0x240 obj/default/VGA_Display.o
 .debug_info    0x00000000000008b1      0x723 obj/default/msgDMA.o
 .debug_info    0x0000000000000fd4      0x234 /home/pokitoz/altera/15.1/nios2eds/bin/gnu/H-x86_64-pc-linux-gnu/bin/../lib/gcc/nios2-elf/4.9.2/libgcc.a(lib2-divmod.o)
 .debug_info    0x0000000000001208      0x106 /home/pokitoz/altera/15.1/nios2eds/bin/gnu/H-x86_64-pc-linux-gnu/bin/../lib/gcc/nios2-elf/4.9.2/../../../../../H-x86_64-pc-linux-gnu/nios2-elf/lib/libsmallc.a(lib_a-memcpy.o)
 .debug_info    0x000000000000130e      0x39d /home/pokitoz/Dropbox/DE0_SoC_VGA/sw/nios/application/VGA_Display_Gen1_bsp//libhal_bsp.a(alt_iic.o)
 .debug_info    0x00000000000016ab      0x249 /home/pokitoz/Dropbox/DE0_SoC_VGA/sw/nios/application/VGA_Display_Gen1_bsp//libhal_bsp.a(alt_iic_isr_register.o)
 .debug_info    0x00000000000018f4       0x88 /home/pokitoz/Dropbox/DE0_SoC_VGA/sw/nios/application/VGA_Display_Gen1_bsp//libhal_bsp.a(alt_irq_entry.o)
 .debug_info    0x000000000000197c      0x185 /home/pokitoz/Dropbox/DE0_SoC_VGA/sw/nios/application/VGA_Display_Gen1_bsp//libhal_bsp.a(alt_irq_handler.o)
 .debug_info    0x0000000000001b01       0x88 /home/pokitoz/Dropbox/DE0_SoC_VGA/sw/nios/application/VGA_Display_Gen1_bsp//libhal_bsp.a(alt_irq_vars.o)
 .debug_info    0x0000000000001b89      0x1ba /home/pokitoz/Dropbox/DE0_SoC_VGA/sw/nios/application/VGA_Display_Gen1_bsp//libhal_bsp.a(alt_load.o)
 .debug_info    0x0000000000001d43      0x17b /home/pokitoz/Dropbox/DE0_SoC_VGA/sw/nios/application/VGA_Display_Gen1_bsp//libhal_bsp.a(alt_main.o)
 .debug_info    0x0000000000001ebe      0x153 /home/pokitoz/Dropbox/DE0_SoC_VGA/sw/nios/application/VGA_Display_Gen1_bsp//libhal_bsp.a(alt_printf.o)
 .debug_info    0x0000000000002011      0x138 /home/pokitoz/Dropbox/DE0_SoC_VGA/sw/nios/application/VGA_Display_Gen1_bsp//libhal_bsp.a(alt_putchar.o)
 .debug_info    0x0000000000002149      0x15d /home/pokitoz/Dropbox/DE0_SoC_VGA/sw/nios/application/VGA_Display_Gen1_bsp//libhal_bsp.a(alt_putstr.o)
 .debug_info    0x00000000000022a6      0x35a /home/pokitoz/Dropbox/DE0_SoC_VGA/sw/nios/application/VGA_Display_Gen1_bsp//libhal_bsp.a(alt_sys_init.o)
 .debug_info    0x0000000000002600      0x190 /home/pokitoz/Dropbox/DE0_SoC_VGA/sw/nios/application/VGA_Display_Gen1_bsp//libhal_bsp.a(altera_avalon_jtag_uart_write.o)
 .debug_info    0x0000000000002790     0x1f73 /home/pokitoz/Dropbox/DE0_SoC_VGA/sw/nios/application/VGA_Display_Gen1_bsp//libhal_bsp.a(altera_msgdma.o)
 .debug_info    0x0000000000004703       0xd1 /home/pokitoz/Dropbox/DE0_SoC_VGA/sw/nios/application/VGA_Display_Gen1_bsp//libhal_bsp.a(alt_busy_sleep.o)
 .debug_info    0x00000000000047d4       0x9f /home/pokitoz/Dropbox/DE0_SoC_VGA/sw/nios/application/VGA_Display_Gen1_bsp//libhal_bsp.a(alt_dcache_flush_all.o)
 .debug_info    0x0000000000004873      0x1a8 /home/pokitoz/Dropbox/DE0_SoC_VGA/sw/nios/application/VGA_Display_Gen1_bsp//libhal_bsp.a(alt_dev_llist_insert.o)
 .debug_info    0x0000000000004a1b       0x9f /home/pokitoz/Dropbox/DE0_SoC_VGA/sw/nios/application/VGA_Display_Gen1_bsp//libhal_bsp.a(alt_errno.o)
 .debug_info    0x0000000000004aba       0x8e /home/pokitoz/Dropbox/DE0_SoC_VGA/sw/nios/application/VGA_Display_Gen1_bsp//libhal_bsp.a(alt_exception_entry.o)
 .debug_info    0x0000000000004b48      0x356 /home/pokitoz/Dropbox/DE0_SoC_VGA/sw/nios/application/VGA_Display_Gen1_bsp//libhal_bsp.a(alt_find_dev.o)
 .debug_info    0x0000000000004e9e       0xc5 /home/pokitoz/Dropbox/DE0_SoC_VGA/sw/nios/application/VGA_Display_Gen1_bsp//libhal_bsp.a(alt_icache_flush_all.o)
 .debug_info    0x0000000000004f63       0x8b /home/pokitoz/Dropbox/DE0_SoC_VGA/sw/nios/application/VGA_Display_Gen1_bsp//libhal_bsp.a(altera_nios2_qsys_irq.o)
 .debug_info    0x0000000000004fee       0xd7 /home/pokitoz/Dropbox/DE0_SoC_VGA/sw/nios/application/VGA_Display_Gen1_bsp//libhal_bsp.a(alt_icache_flush.o)
 .debug_info    0x00000000000050c5       0x83 /home/pokitoz/altera/15.1/nios2eds/bin/gnu/H-x86_64-pc-linux-gnu/bin/../lib/gcc/nios2-elf/4.9.2/../../../../../H-x86_64-pc-linux-gnu/nios2-elf/lib/libsmallc.a(lib_a-int_errno.o)
 .debug_info    0x0000000000005148       0xed /home/pokitoz/altera/15.1/nios2eds/bin/gnu/H-x86_64-pc-linux-gnu/bin/../lib/gcc/nios2-elf/4.9.2/../../../../../H-x86_64-pc-linux-gnu/nios2-elf/lib/libsmallc.a(lib_a-memcmp.o)
 .debug_info    0x0000000000005235       0xc2 /home/pokitoz/altera/15.1/nios2eds/bin/gnu/H-x86_64-pc-linux-gnu/bin/../lib/gcc/nios2-elf/4.9.2/../../../../../H-x86_64-pc-linux-gnu/nios2-elf/lib/libsmallc.a(lib_a-strlen.o)

.debug_abbrev   0x0000000000000000     0x1b58
 *(.debug_abbrev)
 .debug_abbrev  0x0000000000000000       0x12 /home/pokitoz/Dropbox/DE0_SoC_VGA/sw/nios/application/VGA_Display_Gen1_bsp//obj/HAL/src/crt0.o
 .debug_abbrev  0x0000000000000012      0x1d2 obj/default/VGA_DMA_display.o
 .debug_abbrev  0x00000000000001e4       0xea obj/default/VGA_Display.o
 .debug_abbrev  0x00000000000002ce      0x181 obj/default/msgDMA.o
 .debug_abbrev  0x000000000000044f       0xd9 /home/pokitoz/altera/15.1/nios2eds/bin/gnu/H-x86_64-pc-linux-gnu/bin/../lib/gcc/nios2-elf/4.9.2/libgcc.a(lib2-divmod.o)
 .debug_abbrev  0x0000000000000528       0xa4 /home/pokitoz/altera/15.1/nios2eds/bin/gnu/H-x86_64-pc-linux-gnu/bin/../lib/gcc/nios2-elf/4.9.2/../../../../../H-x86_64-pc-linux-gnu/nios2-elf/lib/libsmallc.a(lib_a-memcpy.o)
 .debug_abbrev  0x00000000000005cc      0x17d /home/pokitoz/Dropbox/DE0_SoC_VGA/sw/nios/application/VGA_Display_Gen1_bsp//libhal_bsp.a(alt_iic.o)
 .debug_abbrev  0x0000000000000749      0x1a6 /home/pokitoz/Dropbox/DE0_SoC_VGA/sw/nios/application/VGA_Display_Gen1_bsp//libhal_bsp.a(alt_iic_isr_register.o)
 .debug_abbrev  0x00000000000008ef       0x12 /home/pokitoz/Dropbox/DE0_SoC_VGA/sw/nios/application/VGA_Display_Gen1_bsp//libhal_bsp.a(alt_irq_entry.o)
 .debug_abbrev  0x0000000000000901      0x122 /home/pokitoz/Dropbox/DE0_SoC_VGA/sw/nios/application/VGA_Display_Gen1_bsp//libhal_bsp.a(alt_irq_handler.o)
 .debug_abbrev  0x0000000000000a23       0x40 /home/pokitoz/Dropbox/DE0_SoC_VGA/sw/nios/application/VGA_Display_Gen1_bsp//libhal_bsp.a(alt_irq_vars.o)
 .debug_abbrev  0x0000000000000a63       0xd8 /home/pokitoz/Dropbox/DE0_SoC_VGA/sw/nios/application/VGA_Display_Gen1_bsp//libhal_bsp.a(alt_load.o)
 .debug_abbrev  0x0000000000000b3b      0x120 /home/pokitoz/Dropbox/DE0_SoC_VGA/sw/nios/application/VGA_Display_Gen1_bsp//libhal_bsp.a(alt_main.o)
 .debug_abbrev  0x0000000000000c5b       0xde /home/pokitoz/Dropbox/DE0_SoC_VGA/sw/nios/application/VGA_Display_Gen1_bsp//libhal_bsp.a(alt_printf.o)
 .debug_abbrev  0x0000000000000d39       0xd4 /home/pokitoz/Dropbox/DE0_SoC_VGA/sw/nios/application/VGA_Display_Gen1_bsp//libhal_bsp.a(alt_putchar.o)
 .debug_abbrev  0x0000000000000e0d       0xe2 /home/pokitoz/Dropbox/DE0_SoC_VGA/sw/nios/application/VGA_Display_Gen1_bsp//libhal_bsp.a(alt_putstr.o)
 .debug_abbrev  0x0000000000000eef      0x149 /home/pokitoz/Dropbox/DE0_SoC_VGA/sw/nios/application/VGA_Display_Gen1_bsp//libhal_bsp.a(alt_sys_init.o)
 .debug_abbrev  0x0000000000001038       0xd5 /home/pokitoz/Dropbox/DE0_SoC_VGA/sw/nios/application/VGA_Display_Gen1_bsp//libhal_bsp.a(altera_avalon_jtag_uart_write.o)
 .debug_abbrev  0x000000000000110d      0x412 /home/pokitoz/Dropbox/DE0_SoC_VGA/sw/nios/application/VGA_Display_Gen1_bsp//libhal_bsp.a(altera_msgdma.o)
 .debug_abbrev  0x000000000000151f       0x8d /home/pokitoz/Dropbox/DE0_SoC_VGA/sw/nios/application/VGA_Display_Gen1_bsp//libhal_bsp.a(alt_busy_sleep.o)
 .debug_abbrev  0x00000000000015ac       0x5a /home/pokitoz/Dropbox/DE0_SoC_VGA/sw/nios/application/VGA_Display_Gen1_bsp//libhal_bsp.a(alt_dcache_flush_all.o)
 .debug_abbrev  0x0000000000001606      0x11c /home/pokitoz/Dropbox/DE0_SoC_VGA/sw/nios/application/VGA_Display_Gen1_bsp//libhal_bsp.a(alt_dev_llist_insert.o)
 .debug_abbrev  0x0000000000001722       0x5a /home/pokitoz/Dropbox/DE0_SoC_VGA/sw/nios/application/VGA_Display_Gen1_bsp//libhal_bsp.a(alt_errno.o)
 .debug_abbrev  0x000000000000177c       0x12 /home/pokitoz/Dropbox/DE0_SoC_VGA/sw/nios/application/VGA_Display_Gen1_bsp//libhal_bsp.a(alt_exception_entry.o)
 .debug_abbrev  0x000000000000178e      0x12e /home/pokitoz/Dropbox/DE0_SoC_VGA/sw/nios/application/VGA_Display_Gen1_bsp//libhal_bsp.a(alt_find_dev.o)
 .debug_abbrev  0x00000000000018bc       0x8a /home/pokitoz/Dropbox/DE0_SoC_VGA/sw/nios/application/VGA_Display_Gen1_bsp//libhal_bsp.a(alt_icache_flush_all.o)
 .debug_abbrev  0x0000000000001946       0x42 /home/pokitoz/Dropbox/DE0_SoC_VGA/sw/nios/application/VGA_Display_Gen1_bsp//libhal_bsp.a(altera_nios2_qsys_irq.o)
 .debug_abbrev  0x0000000000001988       0x9b /home/pokitoz/Dropbox/DE0_SoC_VGA/sw/nios/application/VGA_Display_Gen1_bsp//libhal_bsp.a(alt_icache_flush.o)
 .debug_abbrev  0x0000000000001a23       0x37 /home/pokitoz/altera/15.1/nios2eds/bin/gnu/H-x86_64-pc-linux-gnu/bin/../lib/gcc/nios2-elf/4.9.2/../../../../../H-x86_64-pc-linux-gnu/nios2-elf/lib/libsmallc.a(lib_a-int_errno.o)
 .debug_abbrev  0x0000000000001a5a       0x7f /home/pokitoz/altera/15.1/nios2eds/bin/gnu/H-x86_64-pc-linux-gnu/bin/../lib/gcc/nios2-elf/4.9.2/../../../../../H-x86_64-pc-linux-gnu/nios2-elf/lib/libsmallc.a(lib_a-memcmp.o)
 .debug_abbrev  0x0000000000001ad9       0x7f /home/pokitoz/altera/15.1/nios2eds/bin/gnu/H-x86_64-pc-linux-gnu/bin/../lib/gcc/nios2-elf/4.9.2/../../../../../H-x86_64-pc-linux-gnu/nios2-elf/lib/libsmallc.a(lib_a-strlen.o)

.debug_line     0x0000000000000000     0x2082
 *(.debug_line)
 .debug_line    0x0000000000000000       0x72 /home/pokitoz/Dropbox/DE0_SoC_VGA/sw/nios/application/VGA_Display_Gen1_bsp//obj/HAL/src/crt0.o
 .debug_line    0x0000000000000072      0x203 obj/default/VGA_DMA_display.o
 .debug_line    0x0000000000000275      0x113 obj/default/VGA_Display.o
 .debug_line    0x0000000000000388      0x28c obj/default/msgDMA.o
 .debug_line    0x0000000000000614       0xc4 /home/pokitoz/altera/15.1/nios2eds/bin/gnu/H-x86_64-pc-linux-gnu/bin/../lib/gcc/nios2-elf/4.9.2/libgcc.a(lib2-divmod.o)
 .debug_line    0x00000000000006d8      0x15b /home/pokitoz/altera/15.1/nios2eds/bin/gnu/H-x86_64-pc-linux-gnu/bin/../lib/gcc/nios2-elf/4.9.2/../../../../../H-x86_64-pc-linux-gnu/nios2-elf/lib/libsmallc.a(lib_a-memcpy.o)
 .debug_line    0x0000000000000833       0xf1 /home/pokitoz/Dropbox/DE0_SoC_VGA/sw/nios/application/VGA_Display_Gen1_bsp//libhal_bsp.a(alt_iic.o)
 .debug_line    0x0000000000000924       0xd6 /home/pokitoz/Dropbox/DE0_SoC_VGA/sw/nios/application/VGA_Display_Gen1_bsp//libhal_bsp.a(alt_iic_isr_register.o)
 .debug_line    0x00000000000009fa       0x6b /home/pokitoz/Dropbox/DE0_SoC_VGA/sw/nios/application/VGA_Display_Gen1_bsp//libhal_bsp.a(alt_irq_entry.o)
 .debug_line    0x0000000000000a65       0xa5 /home/pokitoz/Dropbox/DE0_SoC_VGA/sw/nios/application/VGA_Display_Gen1_bsp//libhal_bsp.a(alt_irq_handler.o)
 .debug_line    0x0000000000000b0a       0x50 /home/pokitoz/Dropbox/DE0_SoC_VGA/sw/nios/application/VGA_Display_Gen1_bsp//libhal_bsp.a(alt_irq_vars.o)
 .debug_line    0x0000000000000b5a       0xa6 /home/pokitoz/Dropbox/DE0_SoC_VGA/sw/nios/application/VGA_Display_Gen1_bsp//libhal_bsp.a(alt_load.o)
 .debug_line    0x0000000000000c00       0xbd /home/pokitoz/Dropbox/DE0_SoC_VGA/sw/nios/application/VGA_Display_Gen1_bsp//libhal_bsp.a(alt_main.o)
 .debug_line    0x0000000000000cbd      0x118 /home/pokitoz/Dropbox/DE0_SoC_VGA/sw/nios/application/VGA_Display_Gen1_bsp//libhal_bsp.a(alt_printf.o)
 .debug_line    0x0000000000000dd5       0x55 /home/pokitoz/Dropbox/DE0_SoC_VGA/sw/nios/application/VGA_Display_Gen1_bsp//libhal_bsp.a(alt_putchar.o)
 .debug_line    0x0000000000000e2a      0x115 /home/pokitoz/Dropbox/DE0_SoC_VGA/sw/nios/application/VGA_Display_Gen1_bsp//libhal_bsp.a(alt_putstr.o)
 .debug_line    0x0000000000000f3f      0x117 /home/pokitoz/Dropbox/DE0_SoC_VGA/sw/nios/application/VGA_Display_Gen1_bsp//libhal_bsp.a(alt_sys_init.o)
 .debug_line    0x0000000000001056       0xf0 /home/pokitoz/Dropbox/DE0_SoC_VGA/sw/nios/application/VGA_Display_Gen1_bsp//libhal_bsp.a(altera_avalon_jtag_uart_write.o)
 .debug_line    0x0000000000001146      0x66c /home/pokitoz/Dropbox/DE0_SoC_VGA/sw/nios/application/VGA_Display_Gen1_bsp//libhal_bsp.a(altera_msgdma.o)
 .debug_line    0x00000000000017b2       0xc0 /home/pokitoz/Dropbox/DE0_SoC_VGA/sw/nios/application/VGA_Display_Gen1_bsp//libhal_bsp.a(alt_busy_sleep.o)
 .debug_line    0x0000000000001872       0x5a /home/pokitoz/Dropbox/DE0_SoC_VGA/sw/nios/application/VGA_Display_Gen1_bsp//libhal_bsp.a(alt_dcache_flush_all.o)
 .debug_line    0x00000000000018cc       0xd8 /home/pokitoz/Dropbox/DE0_SoC_VGA/sw/nios/application/VGA_Display_Gen1_bsp//libhal_bsp.a(alt_dev_llist_insert.o)
 .debug_line    0x00000000000019a4       0x51 /home/pokitoz/Dropbox/DE0_SoC_VGA/sw/nios/application/VGA_Display_Gen1_bsp//libhal_bsp.a(alt_errno.o)
 .debug_line    0x00000000000019f5       0xab /home/pokitoz/Dropbox/DE0_SoC_VGA/sw/nios/application/VGA_Display_Gen1_bsp//libhal_bsp.a(alt_exception_entry.o)
 .debug_line    0x0000000000001aa0      0x17c /home/pokitoz/Dropbox/DE0_SoC_VGA/sw/nios/application/VGA_Display_Gen1_bsp//libhal_bsp.a(alt_find_dev.o)
 .debug_line    0x0000000000001c1c       0x87 /home/pokitoz/Dropbox/DE0_SoC_VGA/sw/nios/application/VGA_Display_Gen1_bsp//libhal_bsp.a(alt_icache_flush_all.o)
 .debug_line    0x0000000000001ca3       0x50 /home/pokitoz/Dropbox/DE0_SoC_VGA/sw/nios/application/VGA_Display_Gen1_bsp//libhal_bsp.a(altera_nios2_qsys_irq.o)
 .debug_line    0x0000000000001cf3       0x7d /home/pokitoz/Dropbox/DE0_SoC_VGA/sw/nios/application/VGA_Display_Gen1_bsp//libhal_bsp.a(alt_icache_flush.o)
 .debug_line    0x0000000000001d70       0x5c /home/pokitoz/altera/15.1/nios2eds/bin/gnu/H-x86_64-pc-linux-gnu/bin/../lib/gcc/nios2-elf/4.9.2/../../../../../H-x86_64-pc-linux-gnu/nios2-elf/lib/libsmallc.a(lib_a-int_errno.o)
 .debug_line    0x0000000000001dcc      0x15d /home/pokitoz/altera/15.1/nios2eds/bin/gnu/H-x86_64-pc-linux-gnu/bin/../lib/gcc/nios2-elf/4.9.2/../../../../../H-x86_64-pc-linux-gnu/nios2-elf/lib/libsmallc.a(lib_a-memcmp.o)
 .debug_line    0x0000000000001f29      0x159 /home/pokitoz/altera/15.1/nios2eds/bin/gnu/H-x86_64-pc-linux-gnu/bin/../lib/gcc/nios2-elf/4.9.2/../../../../../H-x86_64-pc-linux-gnu/nios2-elf/lib/libsmallc.a(lib_a-strlen.o)

.debug_frame    0x0000000000000000      0x848
 *(.debug_frame)
 .debug_frame   0x0000000000000000       0x44 obj/default/VGA_DMA_display.o
 .debug_frame   0x0000000000000044       0x5c obj/default/VGA_Display.o
 .debug_frame   0x00000000000000a0       0xdc obj/default/msgDMA.o
 .debug_frame   0x000000000000017c       0x8c /home/pokitoz/altera/15.1/nios2eds/bin/gnu/H-x86_64-pc-linux-gnu/bin/../lib/gcc/nios2-elf/4.9.2/libgcc.a(lib2-divmod.o)
 .debug_frame   0x0000000000000208       0x20 /home/pokitoz/altera/15.1/nios2eds/bin/gnu/H-x86_64-pc-linux-gnu/bin/../lib/gcc/nios2-elf/4.9.2/../../../../../H-x86_64-pc-linux-gnu/nios2-elf/lib/libsmallc.a(lib_a-memcpy.o)
 .debug_frame   0x0000000000000228       0x50 /home/pokitoz/Dropbox/DE0_SoC_VGA/sw/nios/application/VGA_Display_Gen1_bsp//libhal_bsp.a(alt_iic.o)
 .debug_frame   0x0000000000000278       0x30 /home/pokitoz/Dropbox/DE0_SoC_VGA/sw/nios/application/VGA_Display_Gen1_bsp//libhal_bsp.a(alt_iic_isr_register.o)
 .debug_frame   0x00000000000002a8       0x34 /home/pokitoz/Dropbox/DE0_SoC_VGA/sw/nios/application/VGA_Display_Gen1_bsp//libhal_bsp.a(alt_irq_handler.o)
 .debug_frame   0x00000000000002dc       0x30 /home/pokitoz/Dropbox/DE0_SoC_VGA/sw/nios/application/VGA_Display_Gen1_bsp//libhal_bsp.a(alt_load.o)
 .debug_frame   0x000000000000030c       0x2c /home/pokitoz/Dropbox/DE0_SoC_VGA/sw/nios/application/VGA_Display_Gen1_bsp//libhal_bsp.a(alt_main.o)
 .debug_frame   0x0000000000000338       0x54 /home/pokitoz/Dropbox/DE0_SoC_VGA/sw/nios/application/VGA_Display_Gen1_bsp//libhal_bsp.a(alt_printf.o)
 .debug_frame   0x000000000000038c       0x30 /home/pokitoz/Dropbox/DE0_SoC_VGA/sw/nios/application/VGA_Display_Gen1_bsp//libhal_bsp.a(alt_putchar.o)
 .debug_frame   0x00000000000003bc       0x30 /home/pokitoz/Dropbox/DE0_SoC_VGA/sw/nios/application/VGA_Display_Gen1_bsp//libhal_bsp.a(alt_putstr.o)
 .debug_frame   0x00000000000003ec       0x3c /home/pokitoz/Dropbox/DE0_SoC_VGA/sw/nios/application/VGA_Display_Gen1_bsp//libhal_bsp.a(alt_sys_init.o)
 .debug_frame   0x0000000000000428       0x20 /home/pokitoz/Dropbox/DE0_SoC_VGA/sw/nios/application/VGA_Display_Gen1_bsp//libhal_bsp.a(altera_avalon_jtag_uart_write.o)
 .debug_frame   0x0000000000000448      0x2a8 /home/pokitoz/Dropbox/DE0_SoC_VGA/sw/nios/application/VGA_Display_Gen1_bsp//libhal_bsp.a(altera_msgdma.o)
 .debug_frame   0x00000000000006f0       0x30 /home/pokitoz/Dropbox/DE0_SoC_VGA/sw/nios/application/VGA_Display_Gen1_bsp//libhal_bsp.a(alt_busy_sleep.o)
 .debug_frame   0x0000000000000720       0x20 /home/pokitoz/Dropbox/DE0_SoC_VGA/sw/nios/application/VGA_Display_Gen1_bsp//libhal_bsp.a(alt_dcache_flush_all.o)
 .debug_frame   0x0000000000000740       0x2c /home/pokitoz/Dropbox/DE0_SoC_VGA/sw/nios/application/VGA_Display_Gen1_bsp//libhal_bsp.a(alt_dev_llist_insert.o)
 .debug_frame   0x000000000000076c       0x3c /home/pokitoz/Dropbox/DE0_SoC_VGA/sw/nios/application/VGA_Display_Gen1_bsp//libhal_bsp.a(alt_find_dev.o)
 .debug_frame   0x00000000000007a8       0x20 /home/pokitoz/Dropbox/DE0_SoC_VGA/sw/nios/application/VGA_Display_Gen1_bsp//libhal_bsp.a(alt_icache_flush_all.o)
 .debug_frame   0x00000000000007c8       0x20 /home/pokitoz/Dropbox/DE0_SoC_VGA/sw/nios/application/VGA_Display_Gen1_bsp//libhal_bsp.a(altera_nios2_qsys_irq.o)
 .debug_frame   0x00000000000007e8       0x20 /home/pokitoz/Dropbox/DE0_SoC_VGA/sw/nios/application/VGA_Display_Gen1_bsp//libhal_bsp.a(alt_icache_flush.o)
 .debug_frame   0x0000000000000808       0x20 /home/pokitoz/altera/15.1/nios2eds/bin/gnu/H-x86_64-pc-linux-gnu/bin/../lib/gcc/nios2-elf/4.9.2/../../../../../H-x86_64-pc-linux-gnu/nios2-elf/lib/libsmallc.a(lib_a-memcmp.o)
 .debug_frame   0x0000000000000828       0x20 /home/pokitoz/altera/15.1/nios2eds/bin/gnu/H-x86_64-pc-linux-gnu/bin/../lib/gcc/nios2-elf/4.9.2/../../../../../H-x86_64-pc-linux-gnu/nios2-elf/lib/libsmallc.a(lib_a-strlen.o)

.debug_str      0x0000000000000000     0x184c
 *(.debug_str)
 .debug_str     0x0000000000000000      0x414 obj/default/VGA_DMA_display.o
                                        0x48f (size before relaxing)
 .debug_str     0x0000000000000414       0x9b obj/default/VGA_Display.o
                                        0x215 (size before relaxing)
 .debug_str     0x00000000000004af      0x11b obj/default/msgDMA.o
                                        0x4e7 (size before relaxing)
 .debug_str     0x00000000000005ca      0x16c /home/pokitoz/altera/15.1/nios2eds/bin/gnu/H-x86_64-pc-linux-gnu/bin/../lib/gcc/nios2-elf/4.9.2/libgcc.a(lib2-divmod.o)
                                        0x1b7 (size before relaxing)
 .debug_str     0x0000000000000736      0x133 /home/pokitoz/altera/15.1/nios2eds/bin/gnu/H-x86_64-pc-linux-gnu/bin/../lib/gcc/nios2-elf/4.9.2/../../../../../H-x86_64-pc-linux-gnu/nios2-elf/lib/libsmallc.a(lib_a-memcpy.o)
                                        0x1cc (size before relaxing)
 .debug_str     0x0000000000000869      0x121 /home/pokitoz/Dropbox/DE0_SoC_VGA/sw/nios/application/VGA_Display_Gen1_bsp//libhal_bsp.a(alt_iic.o)
                                        0x244 (size before relaxing)
 .debug_str     0x000000000000098a       0x37 /home/pokitoz/Dropbox/DE0_SoC_VGA/sw/nios/application/VGA_Display_Gen1_bsp//libhal_bsp.a(alt_iic_isr_register.o)
                                        0x1fe (size before relaxing)
 .debug_str     0x00000000000009c1       0x3a /home/pokitoz/Dropbox/DE0_SoC_VGA/sw/nios/application/VGA_Display_Gen1_bsp//libhal_bsp.a(alt_irq_handler.o)
                                        0x188 (size before relaxing)
 .debug_str     0x00000000000009fb       0x17 /home/pokitoz/Dropbox/DE0_SoC_VGA/sw/nios/application/VGA_Display_Gen1_bsp//libhal_bsp.a(alt_irq_vars.o)
                                        0x137 (size before relaxing)
 .debug_str     0x0000000000000a12      0x113 /home/pokitoz/Dropbox/DE0_SoC_VGA/sw/nios/application/VGA_Display_Gen1_bsp//libhal_bsp.a(alt_load.o)
                                        0x22d (size before relaxing)
 .debug_str     0x0000000000000b25       0x5e /home/pokitoz/Dropbox/DE0_SoC_VGA/sw/nios/application/VGA_Display_Gen1_bsp//libhal_bsp.a(alt_main.o)
                                        0x1a6 (size before relaxing)
 .debug_str     0x0000000000000b83       0x59 /home/pokitoz/Dropbox/DE0_SoC_VGA/sw/nios/application/VGA_Display_Gen1_bsp//libhal_bsp.a(alt_printf.o)
                                        0x103 (size before relaxing)
 .debug_str     0x0000000000000bdc       0x60 /home/pokitoz/Dropbox/DE0_SoC_VGA/sw/nios/application/VGA_Display_Gen1_bsp//libhal_bsp.a(alt_putchar.o)
                                        0x17e (size before relaxing)
 .debug_str     0x0000000000000c3c       0x1c /home/pokitoz/Dropbox/DE0_SoC_VGA/sw/nios/application/VGA_Display_Gen1_bsp//libhal_bsp.a(alt_putstr.o)
                                        0x18a (size before relaxing)
 .debug_str     0x0000000000000c58       0x8a /home/pokitoz/Dropbox/DE0_SoC_VGA/sw/nios/application/VGA_Display_Gen1_bsp//libhal_bsp.a(alt_sys_init.o)
                                        0x3d4 (size before relaxing)
 .debug_str     0x0000000000000ce2       0x2c /home/pokitoz/Dropbox/DE0_SoC_VGA/sw/nios/application/VGA_Display_Gen1_bsp//libhal_bsp.a(altera_avalon_jtag_uart_write.o)
                                        0x206 (size before relaxing)
 .debug_str     0x0000000000000d0e      0x8d8 /home/pokitoz/Dropbox/DE0_SoC_VGA/sw/nios/application/VGA_Display_Gen1_bsp//libhal_bsp.a(altera_msgdma.o)
                                        0xd96 (size before relaxing)
 .debug_str     0x00000000000015e6       0x33 /home/pokitoz/Dropbox/DE0_SoC_VGA/sw/nios/application/VGA_Display_Gen1_bsp//libhal_bsp.a(alt_busy_sleep.o)
                                        0x15c (size before relaxing)
 .debug_str     0x0000000000001619       0x1f /home/pokitoz/Dropbox/DE0_SoC_VGA/sw/nios/application/VGA_Display_Gen1_bsp//libhal_bsp.a(alt_dcache_flush_all.o)
                                        0x146 (size before relaxing)
 .debug_str     0x0000000000001638       0x36 /home/pokitoz/Dropbox/DE0_SoC_VGA/sw/nios/application/VGA_Display_Gen1_bsp//libhal_bsp.a(alt_dev_llist_insert.o)
                                        0x1bd (size before relaxing)
 .debug_str     0x000000000000166e       0x14 /home/pokitoz/Dropbox/DE0_SoC_VGA/sw/nios/application/VGA_Display_Gen1_bsp//libhal_bsp.a(alt_errno.o)
                                        0x136 (size before relaxing)
 .debug_str     0x0000000000001682       0x25 /home/pokitoz/Dropbox/DE0_SoC_VGA/sw/nios/application/VGA_Display_Gen1_bsp//libhal_bsp.a(alt_find_dev.o)
                                        0x1f2 (size before relaxing)
 .debug_str     0x00000000000016a7       0x30 /home/pokitoz/Dropbox/DE0_SoC_VGA/sw/nios/application/VGA_Display_Gen1_bsp//libhal_bsp.a(alt_icache_flush_all.o)
                                        0x15f (size before relaxing)
 .debug_str     0x00000000000016d7       0x20 /home/pokitoz/Dropbox/DE0_SoC_VGA/sw/nios/application/VGA_Display_Gen1_bsp//libhal_bsp.a(altera_nios2_qsys_irq.o)
                                        0x14d (size before relaxing)
 .debug_str     0x00000000000016f7       0x1b /home/pokitoz/Dropbox/DE0_SoC_VGA/sw/nios/application/VGA_Display_Gen1_bsp//libhal_bsp.a(alt_icache_flush.o)
                                        0x14c (size before relaxing)
 .debug_str     0x0000000000001712       0xc6 /home/pokitoz/altera/15.1/nios2eds/bin/gnu/H-x86_64-pc-linux-gnu/bin/../lib/gcc/nios2-elf/4.9.2/../../../../../H-x86_64-pc-linux-gnu/nios2-elf/lib/libsmallc.a(lib_a-int_errno.o)
                                        0x1b1 (size before relaxing)
 .debug_str     0x00000000000017d8       0x3a /home/pokitoz/altera/15.1/nios2eds/bin/gnu/H-x86_64-pc-linux-gnu/bin/../lib/gcc/nios2-elf/4.9.2/../../../../../H-x86_64-pc-linux-gnu/nios2-elf/lib/libsmallc.a(lib_a-memcmp.o)
                                        0x1b8 (size before relaxing)
 .debug_str     0x0000000000001812       0x3a /home/pokitoz/altera/15.1/nios2eds/bin/gnu/H-x86_64-pc-linux-gnu/bin/../lib/gcc/nios2-elf/4.9.2/../../../../../H-x86_64-pc-linux-gnu/nios2-elf/lib/libsmallc.a(lib_a-strlen.o)
                                        0x1be (size before relaxing)

.debug_loc      0x0000000000000000     0x2239
 *(.debug_loc)
 .debug_loc     0x0000000000000000       0x61 obj/default/VGA_DMA_display.o
 .debug_loc     0x0000000000000061      0x179 obj/default/VGA_Display.o
 .debug_loc     0x00000000000001da      0x403 obj/default/msgDMA.o
 .debug_loc     0x00000000000005dd      0x273 /home/pokitoz/altera/15.1/nios2eds/bin/gnu/H-x86_64-pc-linux-gnu/bin/../lib/gcc/nios2-elf/4.9.2/libgcc.a(lib2-divmod.o)
 .debug_loc     0x0000000000000850      0x11b /home/pokitoz/altera/15.1/nios2eds/bin/gnu/H-x86_64-pc-linux-gnu/bin/../lib/gcc/nios2-elf/4.9.2/../../../../../H-x86_64-pc-linux-gnu/nios2-elf/lib/libsmallc.a(lib_a-memcpy.o)
 .debug_loc     0x000000000000096b      0x129 /home/pokitoz/Dropbox/DE0_SoC_VGA/sw/nios/application/VGA_Display_Gen1_bsp//libhal_bsp.a(alt_iic.o)
 .debug_loc     0x0000000000000a94      0x193 /home/pokitoz/Dropbox/DE0_SoC_VGA/sw/nios/application/VGA_Display_Gen1_bsp//libhal_bsp.a(alt_iic_isr_register.o)
 .debug_loc     0x0000000000000c27       0x98 /home/pokitoz/Dropbox/DE0_SoC_VGA/sw/nios/application/VGA_Display_Gen1_bsp//libhal_bsp.a(alt_irq_handler.o)
 .debug_loc     0x0000000000000cbf      0x1c6 /home/pokitoz/Dropbox/DE0_SoC_VGA/sw/nios/application/VGA_Display_Gen1_bsp//libhal_bsp.a(alt_printf.o)
 .debug_loc     0x0000000000000e85       0x2c /home/pokitoz/Dropbox/DE0_SoC_VGA/sw/nios/application/VGA_Display_Gen1_bsp//libhal_bsp.a(alt_putchar.o)
 .debug_loc     0x0000000000000eb1       0x37 /home/pokitoz/Dropbox/DE0_SoC_VGA/sw/nios/application/VGA_Display_Gen1_bsp//libhal_bsp.a(alt_putstr.o)
 .debug_loc     0x0000000000000ee8       0x21 /home/pokitoz/Dropbox/DE0_SoC_VGA/sw/nios/application/VGA_Display_Gen1_bsp//libhal_bsp.a(alt_sys_init.o)
 .debug_loc     0x0000000000000f09       0x8b /home/pokitoz/Dropbox/DE0_SoC_VGA/sw/nios/application/VGA_Display_Gen1_bsp//libhal_bsp.a(altera_avalon_jtag_uart_write.o)
 .debug_loc     0x0000000000000f94     0x1037 /home/pokitoz/Dropbox/DE0_SoC_VGA/sw/nios/application/VGA_Display_Gen1_bsp//libhal_bsp.a(altera_msgdma.o)
 .debug_loc     0x0000000000001fcb       0x75 /home/pokitoz/Dropbox/DE0_SoC_VGA/sw/nios/application/VGA_Display_Gen1_bsp//libhal_bsp.a(alt_busy_sleep.o)
 .debug_loc     0x0000000000002040       0x1f /home/pokitoz/Dropbox/DE0_SoC_VGA/sw/nios/application/VGA_Display_Gen1_bsp//libhal_bsp.a(alt_dcache_flush_all.o)
 .debug_loc     0x000000000000205f       0x58 /home/pokitoz/Dropbox/DE0_SoC_VGA/sw/nios/application/VGA_Display_Gen1_bsp//libhal_bsp.a(alt_dev_llist_insert.o)
 .debug_loc     0x00000000000020b7       0x7e /home/pokitoz/Dropbox/DE0_SoC_VGA/sw/nios/application/VGA_Display_Gen1_bsp//libhal_bsp.a(alt_find_dev.o)
 .debug_loc     0x0000000000002135       0x52 /home/pokitoz/Dropbox/DE0_SoC_VGA/sw/nios/application/VGA_Display_Gen1_bsp//libhal_bsp.a(alt_icache_flush.o)
 .debug_loc     0x0000000000002187       0x94 /home/pokitoz/altera/15.1/nios2eds/bin/gnu/H-x86_64-pc-linux-gnu/bin/../lib/gcc/nios2-elf/4.9.2/../../../../../H-x86_64-pc-linux-gnu/nios2-elf/lib/libsmallc.a(lib_a-memcmp.o)
 .debug_loc     0x000000000000221b       0x1e /home/pokitoz/altera/15.1/nios2eds/bin/gnu/H-x86_64-pc-linux-gnu/bin/../lib/gcc/nios2-elf/4.9.2/../../../../../H-x86_64-pc-linux-gnu/nios2-elf/lib/libsmallc.a(lib_a-strlen.o)

.debug_macinfo
 *(.debug_macinfo)

.debug_weaknames
 *(.debug_weaknames)

.debug_funcnames
 *(.debug_funcnames)

.debug_typenames
 *(.debug_typenames)

.debug_varnames
 *(.debug_varnames)

.debug_alt_sim_info
                0x0000000000000000       0x60
 *(.debug_alt_sim_info)
 .debug_alt_sim_info
                0x0000000000000000       0x30 /home/pokitoz/Dropbox/DE0_SoC_VGA/sw/nios/application/VGA_Display_Gen1_bsp//obj/HAL/src/crt0.o
 .debug_alt_sim_info
                0x0000000000000030       0x30 /home/pokitoz/Dropbox/DE0_SoC_VGA/sw/nios/application/VGA_Display_Gen1_bsp//libhal_bsp.a(alt_busy_sleep.o)
                0x0000000010104000                __alt_data_end = 0x10104000
                0x0000000010104000                PROVIDE (__alt_stack_pointer, __alt_data_end)
                0x0000000010103800                PROVIDE (__alt_stack_limit, __alt_stack_base)
                0x0000000010103800                PROVIDE (__alt_heap_start, end)
                0x0000000010104000                PROVIDE (__alt_heap_limit, 0x10104000)
OUTPUT(VGA_Display_Gen1.elf elf32-littlenios2)

.debug_ranges   0x0000000000000000      0x208
 .debug_ranges  0x0000000000000000       0x20 /home/pokitoz/Dropbox/DE0_SoC_VGA/sw/nios/application/VGA_Display_Gen1_bsp//obj/HAL/src/crt0.o
 .debug_ranges  0x0000000000000020       0x18 obj/default/VGA_DMA_display.o
 .debug_ranges  0x0000000000000038       0x18 obj/default/msgDMA.o
 .debug_ranges  0x0000000000000050       0x10 /home/pokitoz/altera/15.1/nios2eds/bin/gnu/H-x86_64-pc-linux-gnu/bin/../lib/gcc/nios2-elf/4.9.2/../../../../../H-x86_64-pc-linux-gnu/nios2-elf/lib/libsmallc.a(lib_a-memcpy.o)
 .debug_ranges  0x0000000000000060       0x28 /home/pokitoz/Dropbox/DE0_SoC_VGA/sw/nios/application/VGA_Display_Gen1_bsp//libhal_bsp.a(alt_irq_entry.o)
 .debug_ranges  0x0000000000000088       0x10 /home/pokitoz/Dropbox/DE0_SoC_VGA/sw/nios/application/VGA_Display_Gen1_bsp//libhal_bsp.a(alt_irq_handler.o)
 .debug_ranges  0x0000000000000098       0x48 /home/pokitoz/Dropbox/DE0_SoC_VGA/sw/nios/application/VGA_Display_Gen1_bsp//libhal_bsp.a(alt_load.o)
 .debug_ranges  0x00000000000000e0       0x18 /home/pokitoz/Dropbox/DE0_SoC_VGA/sw/nios/application/VGA_Display_Gen1_bsp//libhal_bsp.a(alt_printf.o)
 .debug_ranges  0x00000000000000f8       0x90 /home/pokitoz/Dropbox/DE0_SoC_VGA/sw/nios/application/VGA_Display_Gen1_bsp//libhal_bsp.a(altera_msgdma.o)
 .debug_ranges  0x0000000000000188       0x20 /home/pokitoz/Dropbox/DE0_SoC_VGA/sw/nios/application/VGA_Display_Gen1_bsp//libhal_bsp.a(alt_dev_llist_insert.o)
 .debug_ranges  0x00000000000001a8       0x30 /home/pokitoz/Dropbox/DE0_SoC_VGA/sw/nios/application/VGA_Display_Gen1_bsp//libhal_bsp.a(alt_exception_entry.o)
 .debug_ranges  0x00000000000001d8       0x10 /home/pokitoz/Dropbox/DE0_SoC_VGA/sw/nios/application/VGA_Display_Gen1_bsp//libhal_bsp.a(alt_icache_flush.o)
 .debug_ranges  0x00000000000001e8       0x10 /home/pokitoz/altera/15.1/nios2eds/bin/gnu/H-x86_64-pc-linux-gnu/bin/../lib/gcc/nios2-elf/4.9.2/../../../../../H-x86_64-pc-linux-gnu/nios2-elf/lib/libsmallc.a(lib_a-memcmp.o)
 .debug_ranges  0x00000000000001f8       0x10 /home/pokitoz/altera/15.1/nios2eds/bin/gnu/H-x86_64-pc-linux-gnu/bin/../lib/gcc/nios2-elf/4.9.2/../../../../../H-x86_64-pc-linux-gnu/nios2-elf/lib/libsmallc.a(lib_a-strlen.o)
